Archive member included to satisfy reference by file (symbol)

c:/siliconlabs/simplicitystudio/v5/developer/toolchains/gnu_arm/12.2.rel1_2023.7/bin/../lib/gcc/arm-none-eabi/12.2.1/thumb/v7e-m+fp/softfp\libgcc.a(_arm_addsubdf3.o)
                              ./wiseconnect3_sdk_3.3.1/components/device/silabs/si91x/mcu/drivers/peripheral_drivers/src/clock_update.o (__aeabi_dadd)
c:/siliconlabs/simplicitystudio/v5/developer/toolchains/gnu_arm/12.2.rel1_2023.7/bin/../lib/gcc/arm-none-eabi/12.2.1/thumb/v7e-m+fp/softfp\libgcc.a(_arm_muldivdf3.o)
                              ./wiseconnect3_sdk_3.3.1/components/device/silabs/si91x/mcu/drivers/peripheral_drivers/src/clock_update.o (__aeabi_ddiv)
c:/siliconlabs/simplicitystudio/v5/developer/toolchains/gnu_arm/12.2.rel1_2023.7/bin/../lib/gcc/arm-none-eabi/12.2.1/thumb/v7e-m+fp/softfp\libgcc.a(_arm_fixunsdfsi.o)
                              ./wiseconnect3_sdk_3.3.1/components/device/silabs/si91x/mcu/drivers/peripheral_drivers/src/clock_update.o (__aeabi_d2uiz)
c:/siliconlabs/simplicitystudio/v5/developer/toolchains/gnu_arm/12.2.rel1_2023.7/bin/../lib/gcc/arm-none-eabi/12.2.1/thumb/v7e-m+fp/softfp\libgcc.a(_aeabi_ldivmod.o)
                              ./simplicity_sdk_2024.6.1/platform/service/sleeptimer/src/sl_sleeptimer.o (__aeabi_ldivmod)
c:/siliconlabs/simplicitystudio/v5/developer/toolchains/gnu_arm/12.2.rel1_2023.7/bin/../lib/gcc/arm-none-eabi/12.2.1/thumb/v7e-m+fp/softfp\libgcc.a(_aeabi_uldivmod.o)
                              ./simplicity_sdk_2024.6.1/platform/service/sleeptimer/src/sl_sleeptimer.o (__aeabi_uldivmod)
c:/siliconlabs/simplicitystudio/v5/developer/toolchains/gnu_arm/12.2.rel1_2023.7/bin/../lib/gcc/arm-none-eabi/12.2.1/thumb/v7e-m+fp/softfp\libgcc.a(_udivmoddi4.o)
                              c:/siliconlabs/simplicitystudio/v5/developer/toolchains/gnu_arm/12.2.rel1_2023.7/bin/../lib/gcc/arm-none-eabi/12.2.1/thumb/v7e-m+fp/softfp\libgcc.a(_aeabi_ldivmod.o) (__udivmoddi4)
c:/siliconlabs/simplicitystudio/v5/developer/toolchains/gnu_arm/12.2.rel1_2023.7/bin/../lib/gcc/arm-none-eabi/12.2.1/thumb/v7e-m+fp/softfp\libgcc.a(_dvmd_tls.o)
                              c:/siliconlabs/simplicitystudio/v5/developer/toolchains/gnu_arm/12.2.rel1_2023.7/bin/../lib/gcc/arm-none-eabi/12.2.1/thumb/v7e-m+fp/softfp\libgcc.a(_aeabi_ldivmod.o) (__aeabi_ldiv0)
c:/siliconlabs/simplicitystudio/v5/developer/toolchains/gnu_arm/12.2.rel1_2023.7/bin/../lib/gcc/arm-none-eabi/12.2.1/thumb/v7e-m+fp/softfp\libc_nano.a(libc_a-assert.o)
                              ./wiseconnect3_sdk_3.3.1/components/device/silabs/si91x/wireless/src/sl_si91x_driver.o (__assert_func)
c:/siliconlabs/simplicitystudio/v5/developer/toolchains/gnu_arm/12.2.rel1_2023.7/bin/../lib/gcc/arm-none-eabi/12.2.1/thumb/v7e-m+fp/softfp\libc_nano.a(libc_a-exit.o)
                              c:/siliconlabs/simplicitystudio/v5/developer/toolchains/gnu_arm/12.2.rel1_2023.7/bin/../lib/gcc/arm-none-eabi/12.2.1/thumb/v7e-m+fp/softfp/crt0.o (exit)
c:/siliconlabs/simplicitystudio/v5/developer/toolchains/gnu_arm/12.2.rel1_2023.7/bin/../lib/gcc/arm-none-eabi/12.2.1/thumb/v7e-m+fp/softfp\libc_nano.a(libc_a-malloc.o)
                              ./wiseconnect3_sdk_3.3.1/components/device/silabs/si91x/wireless/firmware_upgrade/firmware_upgradation.o (malloc)
c:/siliconlabs/simplicitystudio/v5/developer/toolchains/gnu_arm/12.2.rel1_2023.7/bin/../lib/gcc/arm-none-eabi/12.2.1/thumb/v7e-m+fp/softfp\libc_nano.a(libc_a-mallocr.o)
                              c:/siliconlabs/simplicitystudio/v5/developer/toolchains/gnu_arm/12.2.rel1_2023.7/bin/../lib/gcc/arm-none-eabi/12.2.1/thumb/v7e-m+fp/softfp\libc_nano.a(libc_a-malloc.o) (_malloc_r)
c:/siliconlabs/simplicitystudio/v5/developer/toolchains/gnu_arm/12.2.rel1_2023.7/bin/../lib/gcc/arm-none-eabi/12.2.1/thumb/v7e-m+fp/softfp\libc_nano.a(libc_a-mlock.o)
                              c:/siliconlabs/simplicitystudio/v5/developer/toolchains/gnu_arm/12.2.rel1_2023.7/bin/../lib/gcc/arm-none-eabi/12.2.1/thumb/v7e-m+fp/softfp\libc_nano.a(libc_a-mallocr.o) (__malloc_lock)
c:/siliconlabs/simplicitystudio/v5/developer/toolchains/gnu_arm/12.2.rel1_2023.7/bin/../lib/gcc/arm-none-eabi/12.2.1/thumb/v7e-m+fp/softfp\libc_nano.a(libc_a-strtoul.o)
                              ./wiseconnect3_sdk_3.3.1/components/common/src/sl_utility.o (strtoul)
c:/siliconlabs/simplicitystudio/v5/developer/toolchains/gnu_arm/12.2.rel1_2023.7/bin/../lib/gcc/arm-none-eabi/12.2.1/thumb/v7e-m+fp/softfp\libc_nano.a(libc_a-ctype_.o)
                              ./simplicity_sdk_2024.6.1/platform/common/src/sl_string.o (_ctype_)
c:/siliconlabs/simplicitystudio/v5/developer/toolchains/gnu_arm/12.2.rel1_2023.7/bin/../lib/gcc/arm-none-eabi/12.2.1/thumb/v7e-m+fp/softfp\libc_nano.a(libc_a-nano-vfprintf_float.o)
                              (_printf_float)
[...]
Memory Configuration

Name             Origin             Length             Attributes
rom              0x08202000         0x001fe000         xr
ram              0x00000400         0x0002f800         xrw
udma0            0x0002fc00         0x00000400         xrw
udma1            0x24061c00         0x00000400         xrw
*default*        0x00000000         0xffffffff

Linker script and memory map

LOAD c:/siliconlabs/simplicitystudio/v5/developer/toolchains/gnu_arm/12.2.rel1_2023.7/bin/../lib/gcc/arm-none-eabi/12.2.1/thumb/v7e-m+fp/softfp/crti.o
LOAD c:/siliconlabs/simplicitystudio/v5/developer/toolchains/gnu_arm/12.2.rel1_2023.7/bin/../lib/gcc/arm-none-eabi/12.2.1/thumb/v7e-m+fp/softfp/crtbegin.o
LOAD c:/siliconlabs/simplicitystudio/v5/developer/toolchains/gnu_arm/12.2.rel1_2023.7/bin/../lib/gcc/arm-none-eabi/12.2.1/thumb/v7e-m+fp/softfp/crt0.o
START GROUP
LOAD ./app.o
LOAD ./main.o
LOAD ./power_manager_m4_wireless_example.o
LOAD ./ulp_intr.o
LOAD ./autogen/sl_event_handler.o
LOAD ./autogen/sl_si91x_button_instances.o
LOAD ./autogen/sl_si91x_power_manager_handler.o
LOAD ./autogen/sl_si91x_power_manager_wakeup_handler.o
LOAD ./autogen/sl_ulp_timer_init.o
LOAD ./simplicity_sdk_2024.6.1/platform/CMSIS/RTOS2/Source/os_systick.o
LOAD ./simplicity_sdk_2024.6.1/platform/common/src/sl_assert.o
LOAD ./simplicity_sdk_2024.6.1/platform/common/src/sl_core_cortexm.o
LOAD ./simplicity_sdk_2024.6.1/platform/common/src/sl_slist.o
LOAD ./simplicity_sdk_2024.6.1/platform/common/src/sl_string.o
LOAD ./simplicity_sdk_2024.6.1/platform/common/src/sli_cmsis_os2_ext_task_register.o
LOAD ./simplicity_sdk_2024.6.1/platform/emlib/src/em_core.o
LOAD ./simplicity_sdk_2024.6.1/platform/service/sleeptimer/src/sl_sleeptimer.o
LOAD ./simplicity_sdk_2024.6.1/platform/service/system/src/sl_system_init.o
LOAD ./simplicity_sdk_2024.6.1/platform/service/system/src/sl_system_kernel.o
LOAD ./simplicity_sdk_2024.6.1/util/third_party/freertos/cmsis/Source/cmsis_os2.o
LOAD ./simplicity_sdk_2024.6.1/util/third_party/freertos/kernel/croutine.o
LOAD ./simplicity_sdk_2024.6.1/util/third_party/freertos/kernel/event_groups.o
LOAD ./simplicity_sdk_2024.6.1/util/third_party/freertos/kernel/list.o
LOAD ./simplicity_sdk_2024.6.1/util/third_party/freertos/kernel/queue.o
LOAD ./simplicity_sdk_2024.6.1/util/third_party/freertos/kernel/stream_buffer.o
LOAD ./simplicity_sdk_2024.6.1/util/third_party/freertos/kernel/tasks.o
LOAD ./simplicity_sdk_2024.6.1/util/third_party/freertos/kernel/timers.o
LOAD ./simplicity_sdk_2024.6.1/util/third_party/freertos/kernel/portable/GCC/ARM_CM4F/port.o
LOAD ./simplicity_sdk_2024.6.1/util/third_party/freertos/kernel/portable/MemMang/heap_4.o
LOAD ./wiseconnect3_sdk_3.3.1/components/board/silabs/src/rsi_board.o
LOAD ./wiseconnect3_sdk_3.3.1/components/common/src/sl_utility.o
LOAD ./wiseconnect3_sdk_3.3.1/components/device/silabs/si91x/mcu/core/chip/src/iPMU_prog/iPMU_dotc/ipmu_apis.o
LOAD ./wiseconnect3_sdk_3.3.1/components/device/silabs/si91x/mcu/core/chip/src/iPMU_prog/iPMU_dotc/rsi_system_config_917.o
LOAD ./wiseconnect3_sdk_3.3.1/components/device/silabs/si91x/mcu/core/chip/src/rsi_deepsleep_soc.o
LOAD ./wiseconnect3_sdk_3.3.1/components/device/silabs/si91x/mcu/core/chip/src/rsi_ps_ram_func.o
LOAD ./wiseconnect3_sdk_3.3.1/components/device/silabs/si91x/mcu/core/chip/src/startup_si91x.o
LOAD ./wiseconnect3_sdk_3.3.1/components/device/silabs/si91x/mcu/core/chip/src/system_si91x.o
LOAD ./wiseconnect3_sdk_3.3.1/components/device/silabs/si91x/mcu/core/common/src/rsi_debug.o
LOAD ./wiseconnect3_sdk_3.3.1/components/device/silabs/si91x/mcu/core/common/src/sl_si91x_stack_object_declare.o
LOAD ./wiseconnect3_sdk_3.3.1/components/device/silabs/si91x/mcu/core/common/src/syscalls.o
LOAD ./wiseconnect3_sdk_3.3.1/components/device/silabs/si91x/mcu/core/config/src/rsi_nvic_priorities_config.o
LOAD ./wiseconnect3_sdk_3.3.1/components/device/silabs/si91x/mcu/drivers/cmsis_driver/UDMA.o
LOAD ./wiseconnect3_sdk_3.3.1/components/device/silabs/si91x/mcu/drivers/cmsis_driver/USART.o
LOAD ./wiseconnect3_sdk_3.3.1/components/device/silabs/si91x/mcu/drivers/hardware_drivers/button/src/sl_si91x_button.o
LOAD ./wiseconnect3_sdk_3.3.1/components/device/silabs/si91x/mcu/drivers/peripheral_drivers/src/clock_update.o
LOAD ./wiseconnect3_sdk_3.3.1/components/device/silabs/si91x/mcu/drivers/peripheral_drivers/src/rsi_crc.o
LOAD ./wiseconnect3_sdk_3.3.1/components/device/silabs/si91x/mcu/drivers/peripheral_drivers/src/rsi_egpio.o
LOAD ./wiseconnect3_sdk_3.3.1/components/device/silabs/si91x/mcu/drivers/peripheral_drivers/src/rsi_sysrtc.o
LOAD ./wiseconnect3_sdk_3.3.1/components/device/silabs/si91x/mcu/drivers/peripheral_drivers/src/rsi_timers.o
LOAD ./wiseconnect3_sdk_3.3.1/components/device/silabs/si91x/mcu/drivers/peripheral_drivers/src/rsi_udma.o
LOAD ./wiseconnect3_sdk_3.3.1/components/device/silabs/si91x/mcu/drivers/peripheral_drivers/src/rsi_udma_wrapper.o
LOAD ./wiseconnect3_sdk_3.3.1/components/device/silabs/si91x/mcu/drivers/peripheral_drivers/src/rsi_usart.o
LOAD ./wiseconnect3_sdk_3.3.1/components/device/silabs/si91x/mcu/drivers/peripheral_drivers/src/sl_si91x_m4_ps.o
LOAD ./wiseconnect3_sdk_3.3.1/components/device/silabs/si91x/mcu/drivers/service/power_manager/src/sl_si91x_power_manager.o
LOAD ./wiseconnect3_sdk_3.3.1/components/device/silabs/si91x/mcu/drivers/service/power_manager/src/sli_si91x_power_manager.o
LOAD ./wiseconnect3_sdk_3.3.1/components/device/silabs/si91x/mcu/drivers/service/power_manager/src/sli_si91x_power_manager_wakeup_init.o
LOAD ./wiseconnect3_sdk_3.3.1/components/device/silabs/si91x/mcu/drivers/service/sleeptimer/src/sl_sleeptimer_hal_si91x_sysrtc.o
LOAD ./wiseconnect3_sdk_3.3.1/components/device/silabs/si91x/mcu/drivers/systemlevel/src/rsi_ipmu.o
LOAD ./wiseconnect3_sdk_3.3.1/components/device/silabs/si91x/mcu/drivers/systemlevel/src/rsi_pll.o
LOAD ./wiseconnect3_sdk_3.3.1/components/device/silabs/si91x/mcu/drivers/systemlevel/src/rsi_power_save.o
LOAD ./wiseconnect3_sdk_3.3.1/components/device/silabs/si91x/mcu/drivers/systemlevel/src/rsi_rtc.o
LOAD ./wiseconnect3_sdk_3.3.1/components/device/silabs/si91x/mcu/drivers/systemlevel/src/rsi_temp_sensor.o
LOAD ./wiseconnect3_sdk_3.3.1/components/device/silabs/si91x/mcu/drivers/systemlevel/src/rsi_time_period.o
LOAD ./wiseconnect3_sdk_3.3.1/components/device/silabs/si91x/mcu/drivers/systemlevel/src/rsi_ulpss_clk.o
LOAD ./wiseconnect3_sdk_3.3.1/components/device/silabs/si91x/mcu/drivers/unified_api/src/sl_si91x_calendar.o
LOAD ./wiseconnect3_sdk_3.3.1/components/device/silabs/si91x/mcu/drivers/unified_api/src/sl_si91x_driver_gpio.o
LOAD ./wiseconnect3_sdk_3.3.1/components/device/silabs/si91x/mcu/drivers/unified_api/src/sl_si91x_ulp_timer.o
LOAD ./wiseconnect3_sdk_3.3.1/components/device/silabs/si91x/mcu/drivers/unified_peripheral_drivers/src/sl_si91x_peripheral_gpio.o
LOAD ./wiseconnect3_sdk_3.3.1/components/device/silabs/si91x/wireless/ahb_interface/src/rsi_hal_mcu_m4_ram.o
LOAD ./wiseconnect3_sdk_3.3.1/components/device/silabs/si91x/wireless/ahb_interface/src/rsi_hal_mcu_m4_rom.o
LOAD ./wiseconnect3_sdk_3.3.1/components/device/silabs/si91x/wireless/ahb_interface/src/sl_platform.o
LOAD ./wiseconnect3_sdk_3.3.1/components/device/silabs/si91x/wireless/ahb_interface/src/sl_platform_wireless.o
LOAD ./wiseconnect3_sdk_3.3.1/components/device/silabs/si91x/wireless/ahb_interface/src/sl_si91x_bus.o
LOAD ./wiseconnect3_sdk_3.3.1/components/device/silabs/si91x/wireless/ahb_interface/src/sl_si91x_timer.o
LOAD ./wiseconnect3_sdk_3.3.1/components/device/silabs/si91x/wireless/ahb_interface/src/sli_siwx917_soc.o
LOAD ./wiseconnect3_sdk_3.3.1/components/device/silabs/si91x/wireless/errno/src/sl_si91x_errno.o
LOAD ./wiseconnect3_sdk_3.3.1/components/device/silabs/si91x/wireless/firmware_upgrade/firmware_upgradation.o
LOAD ./wiseconnect3_sdk_3.3.1/components/device/silabs/si91x/wireless/host_mcu/si91x/siwx917_soc_ncp_host.o
LOAD ./wiseconnect3_sdk_3.3.1/components/device/silabs/si91x/wireless/icmp/sl_net_ping.o
LOAD ./wiseconnect3_sdk_3.3.1/components/device/silabs/si91x/wireless/memory/malloc_buffers.o
LOAD ./wiseconnect3_sdk_3.3.1/components/device/silabs/si91x/wireless/sl_net/src/sl_net_rsi_utility.o
LOAD ./wiseconnect3_sdk_3.3.1/components/device/silabs/si91x/wireless/sl_net/src/sl_net_si91x_integration_handler.o
LOAD ./wiseconnect3_sdk_3.3.1/components/device/silabs/si91x/wireless/sl_net/src/sl_si91x_net_credentials.o
LOAD ./wiseconnect3_sdk_3.3.1/components/device/silabs/si91x/wireless/sl_net/src/sl_si91x_net_internal_stack.o
LOAD ./wiseconnect3_sdk_3.3.1/components/device/silabs/si91x/wireless/src/sl_rsi_utility.o
LOAD ./wiseconnect3_sdk_3.3.1/components/device/silabs/si91x/wireless/src/sl_si91x_callback_framework.o
LOAD ./wiseconnect3_sdk_3.3.1/components/device/silabs/si91x/wireless/src/sl_si91x_driver.o
LOAD ./wiseconnect3_sdk_3.3.1/components/device/silabs/si91x/wireless/threading/sli_si91x_multithreaded.o
LOAD ./wiseconnect3_sdk_3.3.1/components/protocol/wifi/si91x/sl_wifi.o
LOAD ./wiseconnect3_sdk_3.3.1/components/protocol/wifi/src/sl_wifi_callback_framework.o
LOAD ./wiseconnect3_sdk_3.3.1/components/service/network_manager/si91x/sl_net_si91x.o
LOAD ./wiseconnect3_sdk_3.3.1/components/service/network_manager/src/sl_net.o
LOAD ./wiseconnect3_sdk_3.3.1/components/service/network_manager/src/sl_net_basic_certificate_store.o
LOAD ./wiseconnect3_sdk_3.3.1/components/service/network_manager/src/sl_net_basic_credentials.o
LOAD ./wiseconnect3_sdk_3.3.1/components/service/network_manager/src/sl_net_basic_profiles.o
LOAD ./wiseconnect3_sdk_3.3.1/third_party/silicon_labs/freertos/src/sl_si91x_low_power_tickless_mode.o
LOAD c:/siliconlabs/simplicitystudio/v5/developer/toolchains/gnu_arm/12.2.rel1_2023.7/bin/../lib/gcc/arm-none-eabi/12.2.1/thumb/v7e-m+fp/softfp\libgcc.a
LOAD c:/siliconlabs/simplicitystudio/v5/developer/toolchains/gnu_arm/12.2.rel1_2023.7/bin/../lib/gcc/arm-none-eabi/12.2.1/thumb/v7e-m+fp/softfp\libnosys.a
LOAD c:/siliconlabs/simplicitystudio/v5/developer/toolchains/gnu_arm/12.2.rel1_2023.7/bin/../lib/gcc/arm-none-eabi/12.2.1/thumb/v7e-m+fp/softfp\libc_nano.a
LOAD c:/siliconlabs/simplicitystudio/v5/developer/toolchains/gnu_arm/12.2.rel1_2023.7/bin/../lib/gcc/arm-none-eabi/12.2.1/thumb/v7e-m+fp/softfp\libm.a
END GROUP
START GROUP
LOAD c:/siliconlabs/simplicitystudio/v5/developer/toolchains/gnu_arm/12.2.rel1_2023.7/bin/../lib/gcc/arm-none-eabi/12.2.1/thumb/v7e-m+fp/softfp\libgcc.a
LOAD c:/siliconlabs/simplicitystudio/v5/developer/toolchains/gnu_arm/12.2.rel1_2023.7/bin/../lib/gcc/arm-none-eabi/12.2.1/thumb/v7e-m+fp/softfp\libc_nano.a
LOAD c:/siliconlabs/simplicitystudio/v5/developer/toolchains/gnu_arm/12.2.rel1_2023.7/bin/../lib/gcc/arm-none-eabi/12.2.1/thumb/v7e-m+fp/softfp\libnosys.a
END GROUP
START GROUP
LOAD c:/siliconlabs/simplicitystudio/v5/developer/toolchains/gnu_arm/12.2.rel1_2023.7/bin/../lib/gcc/arm-none-eabi/12.2.1/thumb/v7e-m+fp/softfp\libgcc.a
LOAD c:/siliconlabs/simplicitystudio/v5/developer/toolchains/gnu_arm/12.2.rel1_2023.7/bin/../lib/gcc/arm-none-eabi/12.2.1/thumb/v7e-m+fp/softfp\libg_nano.a
LOAD c:/siliconlabs/simplicitystudio/v5/developer/toolchains/gnu_arm/12.2.rel1_2023.7/bin/../lib/gcc/arm-none-eabi/12.2.1/thumb/v7e-m+fp/softfp\libc_nano.a
END GROUP
START GROUP
LOAD c:/siliconlabs/simplicitystudio/v5/developer/toolchains/gnu_arm/12.2.rel1_2023.7/bin/../lib/gcc/arm-none-eabi/12.2.1/thumb/v7e-m+fp/softfp\libgcc.a
LOAD c:/siliconlabs/simplicitystudio/v5/developer/toolchains/gnu_arm/12.2.rel1_2023.7/bin/../lib/gcc/arm-none-eabi/12.2.1/thumb/v7e-m+fp/softfp\libc_nano.a
END GROUP
LOAD c:/siliconlabs/simplicitystudio/v5/developer/toolchains/gnu_arm/12.2.rel1_2023.7/bin/../lib/gcc/arm-none-eabi/12.2.1/thumb/v7e-m+fp/softfp/crtend.o
LOAD c:/siliconlabs/simplicitystudio/v5/developer/toolchains/gnu_arm/12.2.rel1_2023.7/bin/../lib/gcc/arm-none-eabi/12.2.1/thumb/v7e-m+fp/softfp/crtn.o

.text           0x08202000     0x38f0
 *(.isr_vector)
 .isr_vector    0x08202000      0x16c ./wiseconnect3_sdk_3.3.1/components/device/silabs/si91x/mcu/core/chip/src/startup_si91x.o
                0x08202000                __Vectors
 *(EXCLUDE_FILE(*main.o *app.o *sl_si91x_button_instances.o *sl_si91x_button.o *power_manager_m4_wireless_example.o *sl_si91x_driver_gpio.o *rsi_egpio.o *sl_si91x_peripheral_gpio.o *sl_si91x_led.o *rsi_udma_wrapper.o *rsi_udma.o *UDMA.o *memcpy*.o *rsi_timers.o *sl_si91x_ulp_timer.o *rsi_rtc.o *sl_si91x_calendar.o *sbrk.o* *libm_a*.o *libc_a*.o *_arm_*.o *libm_a-s_ceil.o *USART.o *syscalls.o *rsi_usart.o *rsi_debug.o *fflush.o *lock.o *printf.o *nano-vfprintf_i.o *nano-vfprintf.o *memset.o *memchr.o *writer.o *wbuf.o *puts.o *stdio.o *UDMA.o *sl_core_cortexm.o *sl_si91x_low_power_tickless_mode.o *rsi_sysrtc.o *sl_sleeptimer_hal_si91x_sysrtc.o *sl_sleeptimer.o *sl_si91x_power_manager_wakeup_handler.o *sli_si91x_power_manager_wakeup_init.o *sl_si91x_power_manager_debug.o *sl_si91x_power_manager_handler.o *sli_si91x_power_manager.o *sl_si91x_power_manager.o *strcmp.o *sl_slist.o *system_si91x.o *rsi_ulpss_clk.o *rsi_time_period.o *rsi_system_config.o *rsi_ps_ram_func.o *rsi_power_save.o *rsi_pll.o *ipmu_apis.o *rsi_ipmu.o *rsi_egpio.o *rsi_deepsleep_soc.o *clock_update.o *tasks.o *sl_rsi_utility.o *queue.o *port.o *cmsis_os2.o *cmsis_gcc.o) .text*)
 .text.deregister_tm_clones
                0x0820216c       0x1c c:/siliconlabs/simplicitystudio/v5/developer/toolchains/gnu_arm/12.2.rel1_2023.7/bin/../lib/gcc/arm-none-eabi/12.2.1/thumb/v7e-m+fp/softfp/crtbegin.o
 .text.register_tm_clones
                0x08202188       0x24 c:/siliconlabs/simplicitystudio/v5/developer/toolchains/gnu_arm/12.2.rel1_2023.7/bin/../lib/gcc/arm-none-eabi/12.2.1/thumb/v7e-m+fp/softfp/crtbegin.o
 .text.__do_global_dtors_aux
                0x082021ac       0x28 c:/siliconlabs/simplicitystudio/v5/developer/toolchains/gnu_arm/12.2.rel1_2023.7/bin/../lib/gcc/arm-none-eabi/12.2.1/thumb/v7e-m+fp/softfp/crtbegin.o
 .text.frame_dummy
                0x082021d4       0x24 c:/siliconlabs/simplicitystudio/v5/developer/toolchains/gnu_arm/12.2.rel1_2023.7/bin/../lib/gcc/arm-none-eabi/12.2.1/thumb/v7e-m+fp/softfp/crtbegin.o
 .text.gpio_driver_ulp_initialization
                0x082021f8      0x168 ./ulp_intr.o
 .text.gpio_ulp_pin_interrupt_callback
                0x08202360       0x10 ./ulp_intr.o
 .text.ulp_interrupt_setup
                0x08202370      0x108 ./ulp_intr.o
                0x08202370                ulp_interrupt_setup
 .text.sl_platform_init
                0x08202478       0x1e ./autogen/sl_event_handler.o
                0x08202478                sl_platform_init
 .text.sl_kernel_start
                0x08202496        0x4 ./autogen/sl_event_handler.o
                0x08202496                sl_kernel_start
 .text.sl_driver_init
                0x0820249a        0x4 ./autogen/sl_event_handler.o
                0x0820249a                sl_driver_init
 *fill*         0x0820249e        0x2 
 .text.sl_service_init
                0x082024a0       0x24 ./autogen/sl_event_handler.o
                0x082024a0                sl_service_init
 .text.sl_stack_init
                0x082024c4        0x2 ./autogen/sl_event_handler.o
                0x082024c4                sl_stack_init
 .text.sl_internal_app_init
                0x082024c6        0x2 ./autogen/sl_event_handler.o
                0x082024c6                sl_internal_app_init
 .text.sli_osTaskRegisterSetValue
                0x082024c8        0xa ./simplicity_sdk_2024.6.1/platform/common/src/sli_cmsis_os2_ext_task_register.o
                0x082024c8                sli_osTaskRegisterSetValue
 .text.sl_system_init
                0x082024d2       0x1a ./simplicity_sdk_2024.6.1/platform/service/system/src/sl_system_init.o
                0x082024d2                sl_system_init
 .text.sl_system_kernel_start
                0x082024ec        0x4 ./simplicity_sdk_2024.6.1/platform/service/system/src/sl_system_kernel.o
                0x082024ec                sl_system_kernel_start
 .text.xEventGroupCreateStatic
                0x082024f0       0x48 ./simplicity_sdk_2024.6.1/util/third_party/freertos/kernel/event_groups.o
                0x082024f0                xEventGroupCreateStatic
 .text.xEventGroupCreate
                0x08202538       0x1c ./simplicity_sdk_2024.6.1/util/third_party/freertos/kernel/event_groups.o
                0x08202538                xEventGroupCreate
 .text.xEventGroupWaitBits
                0x08202554      0x130 ./simplicity_sdk_2024.6.1/util/third_party/freertos/kernel/event_groups.o
                0x08202554                xEventGroupWaitBits
 .text.xEventGroupClearBits
                0x08202684       0x46 ./simplicity_sdk_2024.6.1/util/third_party/freertos/kernel/event_groups.o
                0x08202684                xEventGroupClearBits
 .text.vEventGroupClearBitsCallback
                0x082026ca        0x4 ./simplicity_sdk_2024.6.1/util/third_party/freertos/kernel/event_groups.o
                0x082026ca                vEventGroupClearBitsCallback
 *fill*         0x082026ce        0x2 
 .text.xEventGroupClearBitsFromISR
                0x082026d0       0x10 ./simplicity_sdk_2024.6.1/util/third_party/freertos/kernel/event_groups.o
                0x082026d0                xEventGroupClearBitsFromISR
 .text.xEventGroupGetBitsFromISR
                0x082026e0       0x1c ./simplicity_sdk_2024.6.1/util/third_party/freertos/kernel/event_groups.o
                0x082026e0                xEventGroupGetBitsFromISR
 .text.xEventGroupSetBits
                0x082026fc       0x88 ./simplicity_sdk_2024.6.1/util/third_party/freertos/kernel/event_groups.o
                0x082026fc                xEventGroupSetBits
 .text.vEventGroupSetBitsCallback
                0x08202784        0x4 ./simplicity_sdk_2024.6.1/util/third_party/freertos/kernel/event_groups.o
                0x08202784                vEventGroupSetBitsCallback
 .text.xEventGroupSetBitsFromISR
                0x08202788       0x10 ./simplicity_sdk_2024.6.1/util/third_party/freertos/kernel/event_groups.o
                0x08202788                xEventGroupSetBitsFromISR
 .text.vListInitialise
                0x08202798       0x16 ./simplicity_sdk_2024.6.1/util/third_party/freertos/kernel/list.o
                0x08202798                vListInitialise
 .text.vListInitialiseItem
                0x082027ae        0x6 ./simplicity_sdk_2024.6.1/util/third_party/freertos/kernel/list.o
                0x082027ae                vListInitialiseItem
 .text.vListInsertEnd
                0x082027b4       0x16 ./simplicity_sdk_2024.6.1/util/third_party/freertos/kernel/list.o
                0x082027b4                vListInsertEnd
 .text.vListInsert
                0x082027ca       0x2e ./simplicity_sdk_2024.6.1/util/third_party/freertos/kernel/list.o
                0x082027ca                vListInsert
 .text.uxListRemove
                0x082027f8       0x20 ./simplicity_sdk_2024.6.1/util/third_party/freertos/kernel/list.o
                0x082027f8                uxListRemove
 .text.prvInsertTimerInActiveList
                0x08202818       0x3c ./simplicity_sdk_2024.6.1/util/third_party/freertos/kernel/timers.o
 .text.prvCheckForValidListAndQueue
                0x08202854       0x68 ./simplicity_sdk_2024.6.1/util/third_party/freertos/kernel/timers.o
 .text.xTimerCreateTimerTask
                0x082028bc       0x64 ./simplicity_sdk_2024.6.1/util/third_party/freertos/kernel/timers.o
                0x082028bc                xTimerCreateTimerTask
 .text.xTimerGenericCommand
                0x08202920       0x58 ./simplicity_sdk_2024.6.1/util/third_party/freertos/kernel/timers.o
                0x08202920                xTimerGenericCommand
 .text.prvSampleTimeNow
                0x08202978       0xa4 ./simplicity_sdk_2024.6.1/util/third_party/freertos/kernel/timers.o
 .text.prvTimerTask
                0x08202a1c      0x1cc ./simplicity_sdk_2024.6.1/util/third_party/freertos/kernel/timers.o
 .text.xTimerPendFunctionCallFromISR
                0x08202be8       0x28 ./simplicity_sdk_2024.6.1/util/third_party/freertos/kernel/timers.o
                0x08202be8                xTimerPendFunctionCallFromISR
 .text.prvInsertBlockIntoFreeList
                0x08202c10       0x50 ./simplicity_sdk_2024.6.1/util/third_party/freertos/kernel/portable/MemMang/heap_4.o
 .text.pvPortMalloc
                0x08202c60      0x134 ./simplicity_sdk_2024.6.1/util/third_party/freertos/kernel/portable/MemMang/heap_4.o
                0x08202c60                pvPortMalloc
 .text.vPortFree
                0x08202d94       0x7c ./simplicity_sdk_2024.6.1/util/third_party/freertos/kernel/portable/MemMang/heap_4.o
                0x08202d94                vPortFree
 .text.RSI_Board_Init
                0x08202e10       0x5c ./wiseconnect3_sdk_3.3.1/components/board/silabs/src/rsi_board.o
                0x08202e10                RSI_Board_Init
 .text.sl_redirect_log
                0x08202e6c        0x6 ./wiseconnect3_sdk_3.3.1/components/common/src/sl_utility.o
                0x08202e6c                sl_redirect_log
 .text.Default_Handler
                0x08202e72        0x2 ./wiseconnect3_sdk_3.3.1/components/device/silabs/si91x/mcu/core/chip/src/startup_si91x.o
                0x08202e72                DebugMon_Handler
                0x08202e72                IRQ031_Handler
                0x08202e72                HardFault_Handler
                0x08202e72                IRQ095_Handler
                0x08202e72                IRQ065_Handler
                0x08202e72                IRQ093_Handler
                0x08202e72                NMI_Handler
                0x08202e72                IRQ011_Handler
                0x08202e72                IRQ014_Handler
                0x08202e72                IRQ027_Handler
                0x08202e72                IRQ062_Handler
                0x08202e72                IRQ097_Handler
                0x08202e72                IRQ088_Handler
                0x08202e72                IRQ034_Handler
                0x08202e72                IRQ071_Handler
                0x08202e72                IRQ067_Handler
                0x08202e72                IRQ070_Handler
                0x08202e72                IRQ077_Handler
                0x08202e72                IRQ063_Handler
                0x08202e72                IRQ076_Handler
                0x08202e72                UsageFault_Handler
                0x08202e72                IRQ023_Handler
                0x08202e72                IRQ009_Handler
                0x08202e72                IRQ048_Handler
                0x08202e72                IRQ083_Handler
                0x08202e72                IRQ089_Handler
                0x08202e72                HIF1_IRQHandler
                0x08202e72                IRQ037_Handler
                0x08202e72                IRQ072_Handler
                0x08202e72                IRQ008_Handler
                0x08202e72                IRQ047_Handler
                0x08202e72                IRQ082_Handler
                0x08202e72                IRQ007_Handler
                0x08202e72                IRQ046_Handler
                0x08202e72                IRQ081_Handler
                0x08202e72                IRQ043_Handler
                0x08202e72                IRQ041_Handler
                0x08202e72                IRQ098_Handler
                0x08202e72                IRQ000_Handler
                0x08202e72                IRQ044_Handler
                0x08202e72                IRQ049_Handler
                0x08202e72                IRQ084_Handler
                0x08202e72                IRQ006_Handler
                0x08202e72                IRQ045_Handler
                0x08202e72                IRQ080_Handler
                0x08202e72                IRQ015_Handler
                0x08202e72                MemManage_Handler
                0x08202e72                HIF2_IRQHandler
                0x08202e72                IRQ001_Handler
                0x08202e72                IRQ040_Handler
                0x08202e72                IRQ068_Handler
                0x08202e72                IRQ096_Handler
                0x08202e72                IRQ042_Handler
                0x08202e72                IRQ024_Handler
                0x08202e72                IRQ016_Handler
                0x08202e72                IRQ090_Handler
                0x08202e72                IRQ078_Handler
                0x08202e72                IRQ032_Handler
                0x08202e72                IRQ020_Handler
                0x08202e72                IRQ073_Handler
                0x08202e72                IRQ092_Handler
                0x08202e72                IRQ087_Handler
                0x08202e72                IRQ026_Handler
                0x08202e72                IRQ061_Handler
                0x08202e72                IRQ025_Handler
                0x08202e72                IRQ060_Handler
                0x08202e72                IRQ085_Handler
                0x08202e72                IRQ013_Handler
                0x08202e72                IRQ030_Handler
                0x08202e72                IRQ064_Handler
                0x08202e72                IRQ066_Handler
                0x08202e72                IRQ017_Handler
                0x08202e72                IRQ091_Handler
                0x08202e72                BusFault_Handler
                0x08202e72                IRQ069_Handler
                0x08202e72                IRQ075_Handler
                0x08202e72                IRQ086_Handler
                0x08202e72                IRQ094_Handler
                0x08202e72                IRQ079_Handler
 .text.Default_Reset_Handler
                0x08202e74        0x2 ./wiseconnect3_sdk_3.3.1/components/device/silabs/si91x/mcu/core/chip/src/startup_si91x.o
                0x08202e74                Default_Reset_Handler
                0x08202e74                Reset_Handler
 *fill*         0x08202e76        0x2 
 .text.Copy_Table
                0x08202e78       0x24 ./wiseconnect3_sdk_3.3.1/components/device/silabs/si91x/mcu/core/chip/src/startup_si91x.o
                0x08202e78                Copy_Table
 .text.Zero_Table
                0x08202e9c       0x24 ./wiseconnect3_sdk_3.3.1/components/device/silabs/si91x/mcu/core/chip/src/startup_si91x.o
                0x08202e9c                Zero_Table
 .text.sl_si91x_device_init_nvic
                0x08202ec0       0x18 ./wiseconnect3_sdk_3.3.1/components/device/silabs/si91x/mcu/core/config/src/rsi_nvic_priorities_config.o
                0x08202ec0                sl_si91x_device_init_nvic
 .text.RSI_TS_Enable
                0x08202ed8        0xa ./wiseconnect3_sdk_3.3.1/components/device/silabs/si91x/mcu/drivers/systemlevel/src/rsi_temp_sensor.o
                0x08202ed8                RSI_TS_Enable
 .text.RSI_TS_Config
                0x08202ee2       0x36 ./wiseconnect3_sdk_3.3.1/components/device/silabs/si91x/mcu/drivers/systemlevel/src/rsi_temp_sensor.o
                0x08202ee2                RSI_TS_Config
 .text.RSI_TS_ReadTemp
                0x08202f18        0xe ./wiseconnect3_sdk_3.3.1/components/device/silabs/si91x/mcu/drivers/systemlevel/src/rsi_temp_sensor.o
                0x08202f18                RSI_TS_ReadTemp
 .text.RSI_TS_RoBjtEnable
                0x08202f26       0x26 ./wiseconnect3_sdk_3.3.1/components/device/silabs/si91x/mcu/drivers/systemlevel/src/rsi_temp_sensor.o
                0x08202f26                RSI_TS_RoBjtEnable
 .text.RSI_Periodic_TempUpdate
                0x08202f4c       0x12 ./wiseconnect3_sdk_3.3.1/components/device/silabs/si91x/mcu/drivers/systemlevel/src/rsi_temp_sensor.o
                0x08202f4c                RSI_Periodic_TempUpdate
 *fill*         0x08202f5e        0x2 
 .text.sl_mv_m4_app_from_flash_to_ram
                0x08202f60       0x50 ./wiseconnect3_sdk_3.3.1/components/device/silabs/si91x/wireless/ahb_interface/src/rsi_hal_mcu_m4_ram.o
                0x08202f60                sl_mv_m4_app_from_flash_to_ram
 .text.sli_si91x_raise_pkt_pending_interrupt_to_ta
                0x08202fb0       0x20 ./wiseconnect3_sdk_3.3.1/components/device/silabs/si91x/wireless/ahb_interface/src/rsi_hal_mcu_m4_rom.o
                0x08202fb0                sli_si91x_raise_pkt_pending_interrupt_to_ta
 .text.sli_si91x_is_xtal_in_use_by_m4
                0x08202fd0        0xc ./wiseconnect3_sdk_3.3.1/components/device/silabs/si91x/wireless/ahb_interface/src/rsi_hal_mcu_m4_rom.o
                0x08202fd0                sli_si91x_is_xtal_in_use_by_m4
 .text.raise_m4_to_ta_interrupt
                0x08202fdc        0xc ./wiseconnect3_sdk_3.3.1/components/device/silabs/si91x/wireless/ahb_interface/src/rsi_hal_mcu_m4_rom.o
                0x08202fdc                raise_m4_to_ta_interrupt
 .text.mask_ta_interrupt
                0x08202fe8        0xc ./wiseconnect3_sdk_3.3.1/components/device/silabs/si91x/wireless/ahb_interface/src/rsi_hal_mcu_m4_rom.o
                0x08202fe8                mask_ta_interrupt
 .text.sli_receive_from_ta_done_isr
                0x08202ff4       0x20 ./wiseconnect3_sdk_3.3.1/components/device/silabs/si91x/wireless/ahb_interface/src/rsi_hal_mcu_m4_rom.o
                0x08202ff4                sli_receive_from_ta_done_isr
 .text.sli_m4_interrupt_isr
                0x08203014       0xa0 ./wiseconnect3_sdk_3.3.1/components/device/silabs/si91x/wireless/ahb_interface/src/rsi_hal_mcu_m4_rom.o
                0x08203014                sli_m4_interrupt_isr
 .text.sl_si91x_bus_read_interrupt_status
                0x082030b4       0x10 ./wiseconnect3_sdk_3.3.1/components/device/silabs/si91x/wireless/ahb_interface/src/rsi_hal_mcu_m4_rom.o
                0x082030b4                sl_si91x_bus_read_interrupt_status
 .text.si91x_req_wakeup
                0x082030c4       0x20 ./wiseconnect3_sdk_3.3.1/components/device/silabs/si91x/wireless/ahb_interface/src/rsi_hal_mcu_m4_rom.o
                0x082030c4                si91x_req_wakeup
 .text.sl_si91x_host_clear_sleep_indicator
                0x082030e4       0x14 ./wiseconnect3_sdk_3.3.1/components/device/silabs/si91x/wireless/ahb_interface/src/rsi_hal_mcu_m4_rom.o
                0x082030e4                sl_si91x_host_clear_sleep_indicator
 .text.sli_si91x_raise_xtal_interrupt_to_ta
                0x082030f8       0x38 ./wiseconnect3_sdk_3.3.1/components/device/silabs/si91x/wireless/ahb_interface/src/rsi_hal_mcu_m4_rom.o
                0x082030f8                sli_si91x_raise_xtal_interrupt_to_ta
 .text.sli_si91x_xtal_turn_on_request_from_m4_to_TA
                0x08203130       0x54 ./wiseconnect3_sdk_3.3.1/components/device/silabs/si91x/wireless/ahb_interface/src/rsi_hal_mcu_m4_rom.o
                0x08203130                sli_si91x_xtal_turn_on_request_from_m4_to_TA
 .text.sli_si91x_send_m4_xtal_usage_notification_to_ta
                0x08203184       0x24 ./wiseconnect3_sdk_3.3.1/components/device/silabs/si91x/wireless/ahb_interface/src/rsi_hal_mcu_m4_rom.o
                0x08203184                sli_si91x_send_m4_xtal_usage_notification_to_ta
 .text.IRQ074_Handler
                0x082031a8        0x4 ./wiseconnect3_sdk_3.3.1/components/device/silabs/si91x/wireless/ahb_interface/src/rsi_hal_mcu_m4_rom.o
                0x082031a8                IRQ074_Handler
 .text.sl_si91x_ta_events_init
                0x082031ac       0x14 ./wiseconnect3_sdk_3.3.1/components/device/silabs/si91x/wireless/ahb_interface/src/rsi_hal_mcu_m4_rom.o
                0x082031ac                sl_si91x_ta_events_init
 .text.sli_si91x_platform_init
                0x082031c0       0x78 ./wiseconnect3_sdk_3.3.1/components/device/silabs/si91x/wireless/ahb_interface/src/sl_platform.o
                0x082031c0                sli_si91x_platform_init
 .text.si91x_bootup_firmware
                0x08203238       0x94 ./wiseconnect3_sdk_3.3.1/components/device/silabs/si91x/wireless/ahb_interface/src/sl_platform.o
                0x08203238                si91x_bootup_firmware
 .text.sli_si91x_configure_wireless_frontend_controls
                0x082032cc       0x44 ./wiseconnect3_sdk_3.3.1/components/device/silabs/si91x/wireless/ahb_interface/src/sl_platform_wireless.o
                0x082032cc                sli_si91x_configure_wireless_frontend_controls
 .text.sli_si91x_submit_rx_pkt
                0x08203310       0x84 ./wiseconnect3_sdk_3.3.1/components/device/silabs/si91x/wireless/ahb_interface/src/sl_si91x_bus.o
                0x08203310                sli_si91x_submit_rx_pkt
 .text.sl_si91x_bus_read_frame
                0x08203394        0x8 ./wiseconnect3_sdk_3.3.1/components/device/silabs/si91x/wireless/ahb_interface/src/sl_si91x_bus.o
                0x08203394                sl_si91x_bus_read_frame
 .text.sl_si91x_bus_write_frame
                0x0820339c       0x24 ./wiseconnect3_sdk_3.3.1/components/device/silabs/si91x/wireless/ahb_interface/src/sl_si91x_bus.o
                0x0820339c                sl_si91x_bus_write_frame
 .text.sli_submit_rx_buffer
                0x082033c0       0x16 ./wiseconnect3_sdk_3.3.1/components/device/silabs/si91x/wireless/ahb_interface/src/sl_si91x_bus.o
                0x082033c0                sli_submit_rx_buffer
 *fill*         0x082033d6        0x2 
 .text.rsi_update_tx_dma_desc
                0x082033d8       0x28 ./wiseconnect3_sdk_3.3.1/components/device/silabs/si91x/wireless/ahb_interface/src/sl_si91x_bus.o
                0x082033d8                rsi_update_tx_dma_desc
 .text.rsi_update_rx_dma_desc
                0x08203400       0x10 ./wiseconnect3_sdk_3.3.1/components/device/silabs/si91x/wireless/ahb_interface/src/sl_si91x_bus.o
                0x08203400                rsi_update_rx_dma_desc
 .text.sli_si91x_config_m4_dma_desc_on_reset
                0x08203410       0x48 ./wiseconnect3_sdk_3.3.1/components/device/silabs/si91x/wireless/ahb_interface/src/sl_si91x_bus.o
                0x08203410                sli_si91x_config_m4_dma_desc_on_reset
 .text.rsi_waitfor_boardready
                0x08203458       0x44 ./wiseconnect3_sdk_3.3.1/components/device/silabs/si91x/wireless/ahb_interface/src/sli_siwx917_soc.o
                0x08203458                rsi_waitfor_boardready
 .text.rsi_select_option
                0x0820349c       0x80 ./wiseconnect3_sdk_3.3.1/components/device/silabs/si91x/wireless/ahb_interface/src/sli_siwx917_soc.o
                0x0820349c                rsi_select_option
 .text.unmask_ta_interrupt
                0x0820351c        0xc ./wiseconnect3_sdk_3.3.1/components/device/silabs/si91x/wireless/ahb_interface/src/sli_siwx917_soc.o
                0x0820351c                unmask_ta_interrupt
 .text.sli_m4_ta_interrupt_init
                0x08203528       0x2c ./wiseconnect3_sdk_3.3.1/components/device/silabs/si91x/wireless/ahb_interface/src/sli_siwx917_soc.o
                0x08203528                sli_m4_ta_interrupt_init
 .text.sl_si91x_errno
                0x08203554       0x1c ./wiseconnect3_sdk_3.3.1/components/device/silabs/si91x/wireless/errno/src/sl_si91x_errno.o
                0x08203554                sl_si91x_errno
 .text.sl_si91x_bus_rx_irq_handler
                0x08203570        0x4 ./wiseconnect3_sdk_3.3.1/components/device/silabs/si91x/wireless/host_mcu/si91x/siwx917_soc_ncp_host.o
                0x08203570                sl_si91x_bus_rx_irq_handler
 .text.sl_si91x_bus_rx_done_handler
                0x08203574        0x2 ./wiseconnect3_sdk_3.3.1/components/device/silabs/si91x/wireless/host_mcu/si91x/siwx917_soc_ncp_host.o
                0x08203574                sl_si91x_bus_rx_done_handler
 .text.sl_si91x_bus_init
                0x08203576        0x4 ./wiseconnect3_sdk_3.3.1/components/device/silabs/si91x/wireless/host_mcu/si91x/siwx917_soc_ncp_host.o
                0x08203576                sl_si91x_bus_init
 .text.sl_si91x_host_init
                0x0820357a        0xa ./wiseconnect3_sdk_3.3.1/components/device/silabs/si91x/wireless/host_mcu/si91x/siwx917_soc_ncp_host.o
                0x0820357a                sl_si91x_host_init
 .text.sl_si91x_host_hold_in_reset
                0x08203584        0x2 ./wiseconnect3_sdk_3.3.1/components/device/silabs/si91x/wireless/host_mcu/si91x/siwx917_soc_ncp_host.o
                0x08203584                sl_si91x_host_hold_in_reset
 .text.sl_si91x_host_release_from_reset
                0x08203586        0x2 ./wiseconnect3_sdk_3.3.1/components/device/silabs/si91x/wireless/host_mcu/si91x/siwx917_soc_ncp_host.o
                0x08203586                sl_si91x_host_release_from_reset
 .text.sl_si91x_host_enable_bus_interrupt
                0x08203588        0x2 ./wiseconnect3_sdk_3.3.1/components/device/silabs/si91x/wireless/host_mcu/si91x/siwx917_soc_ncp_host.o
                0x08203588                sl_si91x_host_enable_bus_interrupt
 *fill*         0x0820358a        0x2 
 .text.sl_si91x_host_is_in_irq_context
                0x0820358c       0x14 ./wiseconnect3_sdk_3.3.1/components/device/silabs/si91x/wireless/host_mcu/si91x/siwx917_soc_ncp_host.o
                0x0820358c                sl_si91x_host_is_in_irq_context
 .text.sl_si91x_host_init_buffer_manager
                0x082035a0       0x18 ./wiseconnect3_sdk_3.3.1/components/device/silabs/si91x/wireless/memory/malloc_buffers.o
                0x082035a0                sl_si91x_host_init_buffer_manager
 .text.sl_si91x_host_allocate_buffer
                0x082035b8       0x60 ./wiseconnect3_sdk_3.3.1/components/device/silabs/si91x/wireless/memory/malloc_buffers.o
                0x082035b8                sl_si91x_host_allocate_buffer
 .text.sl_si91x_host_get_buffer_data
                0x08203618       0x16 ./wiseconnect3_sdk_3.3.1/components/device/silabs/si91x/wireless/memory/malloc_buffers.o
                0x08203618                sl_si91x_host_get_buffer_data
 *fill*         0x0820362e        0x2 
 .text.sl_si91x_host_free_buffer
                0x08203630       0x24 ./wiseconnect3_sdk_3.3.1/components/device/silabs/si91x/wireless/memory/malloc_buffers.o
                0x08203630                sl_si91x_host_free_buffer
 .text.convert_si91x_dns_response
                0x08203654       0x2a ./wiseconnect3_sdk_3.3.1/components/device/silabs/si91x/wireless/sl_net/src/sl_net_rsi_utility.o
                0x08203654                convert_si91x_dns_response
 .text.convert_si91x_event_to_sl_net_event
                0x0820367e       0x3c ./wiseconnect3_sdk_3.3.1/components/device/silabs/si91x/wireless/sl_net/src/sl_net_rsi_utility.o
                0x0820367e                convert_si91x_event_to_sl_net_event
 .text.si91x_node_free_function
                0x082036ba        0x4 ./wiseconnect3_sdk_3.3.1/components/device/silabs/si91x/wireless/sl_net/src/sl_net_si91x_integration_handler.o
 *fill*         0x082036be        0x2 
 .text.sl_net_si91x_event_dispatch_handler
                0x082036c0       0x6c ./wiseconnect3_sdk_3.3.1/components/device/silabs/si91x/wireless/sl_net/src/sl_net_si91x_integration_handler.o
                0x082036c0                sl_net_si91x_event_dispatch_handler
 .text.sl_si91x_default_handler
                0x0820372c       0x94 ./wiseconnect3_sdk_3.3.1/components/device/silabs/si91x/wireless/src/sl_si91x_callback_framework.o
                0x0820372c                sl_si91x_default_handler
 .text.sl_si91x_atomic_packet_id_allocator
                0x082037c0       0x12 ./wiseconnect3_sdk_3.3.1/components/device/silabs/si91x/wireless/src/sl_si91x_driver.o
 .text.si91x_packet_identification_function
                0x082037d2       0x20 ./wiseconnect3_sdk_3.3.1/components/device/silabs/si91x/wireless/src/sl_si91x_driver.o
 *fill*         0x082037f2        0x2 
 .text.sl_si91x_driver_wait_for_response_packet
                0x082037f4       0xbc ./wiseconnect3_sdk_3.3.1/components/device/silabs/si91x/wireless/src/sl_si91x_driver.o
                0x082037f4                sl_si91x_driver_wait_for_response_packet
 .text.sl_si91x_allocate_command_buffer
                0x082038b0       0x24 ./wiseconnect3_sdk_3.3.1/components/device/silabs/si91x/wireless/src/sl_si91x_driver.o
                0x082038b0                sl_si91x_allocate_command_buffer
 .text.sl_si91x_driver_send_command_packet
                0x082038d4      0x144 ./wiseconnect3_sdk_3.3.1/components/device/silabs/si91x/wireless/src/sl_si91x_driver.o
                0x082038d4                sl_si91x_driver_send_command_packet
 .text.sl_si91x_driver_send_command.part.0
                0x08203a18       0x5e ./wiseconnect3_sdk_3.3.1/components/device/silabs/si91x/wireless/src/sl_si91x_driver.o
 .text.sl_si91x_driver_send_command
                0x08203a76       0x1e ./wiseconnect3_sdk_3.3.1/components/device/silabs/si91x/wireless/src/sl_si91x_driver.o
                0x08203a76                sl_si91x_driver_send_command
 .text.sl_si91x_get_flash_efuse_data
                0x08203a94       0x78 ./wiseconnect3_sdk_3.3.1/components/device/silabs/si91x/wireless/src/sl_si91x_driver.o
                0x08203a94                sl_si91x_get_flash_efuse_data
 .text.sl_si91x_set_device_region
                0x08203b0c      0x308 ./wiseconnect3_sdk_3.3.1/components/device/silabs/si91x/wireless/src/sl_si91x_driver.o
                0x08203b0c                sl_si91x_set_device_region
 .text.sl_si91x_m4_ta_secure_handshake
                0x08203e14       0x5e ./wiseconnect3_sdk_3.3.1/components/device/silabs/si91x/wireless/src/sl_si91x_driver.o
                0x08203e14                sl_si91x_m4_ta_secure_handshake
 .text.sl_si91x_configure_timeout
                0x08203e72       0x38 ./wiseconnect3_sdk_3.3.1/components/device/silabs/si91x/wireless/src/sl_si91x_driver.o
                0x08203e72                sl_si91x_configure_timeout
 *fill*         0x08203eaa        0x2 
 .text.sl_si91x_driver_init_wifi_radio
                0x08203eac       0xd4 ./wiseconnect3_sdk_3.3.1/components/device/silabs/si91x/wireless/src/sl_si91x_driver.o
                0x08203eac                sl_si91x_driver_init_wifi_radio
 .text.sl_si91x_driver_init
                0x08203f80      0x254 ./wiseconnect3_sdk_3.3.1/components/device/silabs/si91x/wireless/src/sl_si91x_driver.o
                0x08203f80                sl_si91x_driver_init
 .text.sl_create_generic_rx_packet_from_params
                0x082041d4       0x70 ./wiseconnect3_sdk_3.3.1/components/device/silabs/si91x/wireless/threading/sli_si91x_multithreaded.o
                0x082041d4                sl_create_generic_rx_packet_from_params
 .text.sli_handle_dhcp_and_rejoin_failure
                0x08204244       0xce ./wiseconnect3_sdk_3.3.1/components/device/silabs/si91x/wireless/threading/sli_si91x_multithreaded.o
                0x08204244                sli_handle_dhcp_and_rejoin_failure
 *fill*         0x08204312        0x2 
 .text.si91x_event_handler_thread
                0x08204314       0xf4 ./wiseconnect3_sdk_3.3.1/components/device/silabs/si91x/wireless/threading/sli_si91x_multithreaded.o
                0x08204314                si91x_event_handler_thread
 .text.si91x_bus_thread
                0x08204408      0xe64 ./wiseconnect3_sdk_3.3.1/components/device/silabs/si91x/wireless/threading/sli_si91x_multithreaded.o
                0x08204408                si91x_bus_thread
 .text.sl_wifi_init
                0x0820526c       0x2e ./wiseconnect3_sdk_3.3.1/components/protocol/wifi/si91x/sl_wifi.o
                0x0820526c                sl_wifi_init
 .text.sl_wifi_set_mac_address
                0x0820529a       0x26 ./wiseconnect3_sdk_3.3.1/components/protocol/wifi/si91x/sl_wifi.o
                0x0820529a                sl_wifi_set_mac_address
 .text.sl_wifi_set_performance_profile
                0x082052c0       0x8c ./wiseconnect3_sdk_3.3.1/components/protocol/wifi/si91x/sl_wifi.o
                0x082052c0                sl_wifi_set_performance_profile
 .text          0x0820534c       0x30 c:/siliconlabs/simplicitystudio/v5/developer/toolchains/gnu_arm/12.2.rel1_2023.7/bin/../lib/gcc/arm-none-eabi/12.2.1/thumb/v7e-m+fp/softfp\libgcc.a(_aeabi_uldivmod.o)
                0x0820534c                __aeabi_uldivmod
 .text.__udivmoddi4
                0x0820537c      0x2bc c:/siliconlabs/simplicitystudio/v5/developer/toolchains/gnu_arm/12.2.rel1_2023.7/bin/../lib/gcc/arm-none-eabi/12.2.1/thumb/v7e-m+fp/softfp\libgcc.a(_udivmoddi4.o)
                0x0820537c                __udivmoddi4
 .text          0x08205638        0x4 c:/siliconlabs/simplicitystudio/v5/developer/toolchains/gnu_arm/12.2.rel1_2023.7/bin/../lib/gcc/arm-none-eabi/12.2.1/thumb/v7e-m+fp/softfp\libgcc.a(_dvmd_tls.o)
                0x08205638                __aeabi_idiv0
                0x08205638                __aeabi_ldiv0
 *fill*         0x0820563c        0x4 
 .text.__stub   0x08205640      0x2b0 linker stubs
 *crtbegin.o(.ctors)
 *crtbegin?.o(.ctors)
 *(EXCLUDE_FILE(*crtend.o *crtend?.o) .ctors)
 *(SORT_BY_NAME(.ctors.*))
 *(.ctors)
 *crtbegin.o(.dtors)
 *crtbegin?.o(.dtors)
 *(EXCLUDE_FILE(*crtend.o *crtend?.o) .dtors)
 *(SORT_BY_NAME(.dtors.*))
 *(.dtors)
 *(.eh_fram e*)

.eh_frame       0x082058f0        0x0
 .eh_frame      0x082058f0        0x0 c:/siliconlabs/simplicitystudio/v5/developer/toolchains/gnu_arm/12.2.rel1_2023.7/bin/../lib/gcc/arm-none-eabi/12.2.1/thumb/v7e-m+fp/softfp/crtbegin.o

.glue_7         0x082058f0        0x0
 .glue_7        0x082058f0        0x0 linker stubs

.glue_7t        0x082058f0        0x0
 .glue_7t       0x082058f0        0x0 linker stubs

.vfp11_veneer   0x082058f0        0x0
 .vfp11_veneer  0x082058f0        0x0 linker stubs

.v4_bx          0x082058f0        0x0
 .v4_bx         0x082058f0        0x0 linker stubs

.iplt           0x082058f0        0x0
 .iplt          0x082058f0        0x0 c:/siliconlabs/simplicitystudio/v5/developer/toolchains/gnu_arm/12.2.rel1_2023.7/bin/../lib/gcc/arm-none-eabi/12.2.1/thumb/v7e-m+fp/softfp/crtbegin.o

.common_tcm_code
                0x082058f0      0x21c
 .common_tcm_code
                0x082058f0      0x21c ./wiseconnect3_sdk_3.3.1/components/device/silabs/si91x/mcu/core/chip/src/iPMU_prog/iPMU_dotc/ipmu_apis.o
                0x082058f0                update_ipmu_calib_data

.reset_handler  0x08205b10       0x48
 .reset_handler
                0x08205b10       0x30 ./wiseconnect3_sdk_3.3.1/components/device/silabs/si91x/mcu/core/chip/src/startup_si91x.o
                0x08205b10                RSI_Default_Reset_Handler
 .reset_handler.__stub
                0x08205b40       0x18 linker stubs

.ARM.extab
 *(.ARM.extab* .gnu.linkonce.armextab.*)
                0x08205b58                __exidx_start = .

.ARM.exidx      0x08205b58        0x8
 *(.ARM.exidx* .gnu.linkonce.armexidx.*)
 .ARM.exidx.text.__udivmoddi4
                0x08205b58        0x8 c:/siliconlabs/simplicitystudio/v5/developer/toolchains/gnu_arm/12.2.rel1_2023.7/bin/../lib/gcc/arm-none-eabi/12.2.1/thumb/v7e-m+fp/softfp\libgcc.a(_udivmoddi4.o)
                0x08205b60                __exidx_end = .
                0x08205b60                __etext = .
                0x08205b60                _sidata = __etext

.rel.dyn        0x08205b60        0x0
 .rel.iplt      0x08205b60        0x0 c:/siliconlabs/simplicitystudio/v5/developer/toolchains/gnu_arm/12.2.rel1_2023.7/bin/../lib/gcc/arm-none-eabi/12.2.1/thumb/v7e-m+fp/softfp/crtbegin.o

.data           0x00000400     0xdb38 load address 0x08205b60
                0x00000400                __data_start__ = .
                0x00000400                _sdata = __data_start__
 *(.ramVector)
 .ramVector     0x00000400      0x16c ./wiseconnect3_sdk_3.3.1/components/device/silabs/si91x/mcu/core/chip/src/startup_si91x.o
                0x00000400                ram_vector
 *(.data*)
 .data.ram_configuration
                0x0000056c       0x10 ./autogen/sl_event_handler.o
                0x0000056c                ram_configuration
 .data.uxTopUsedPriority
                0x0000057c        0x4 ./simplicity_sdk_2024.6.1/util/third_party/freertos/kernel/tasks.o
                0x0000057c                uxTopUsedPriority
 .data.uxCriticalNesting
                0x00000580        0x4 ./simplicity_sdk_2024.6.1/util/third_party/freertos/kernel/portable/GCC/ARM_CM4F/port.o
 .data.retnLP_volt_trim_efuse
                0x00000584        0xc ./wiseconnect3_sdk_3.3.1/components/device/silabs/si91x/mcu/core/chip/src/iPMU_prog/iPMU_dotc/rsi_system_config_917.o
                0x00000584                retnLP_volt_trim_efuse
 .data.retnHP_volt_trim_efuse
                0x00000590        0xc ./wiseconnect3_sdk_3.3.1/components/device/silabs/si91x/mcu/core/chip/src/iPMU_prog/iPMU_dotc/rsi_system_config_917.o
                0x00000590                retnHP_volt_trim_efuse
 .data.hpldo_volt_trim_efuse
                0x0000059c        0xc ./wiseconnect3_sdk_3.3.1/components/device/silabs/si91x/mcu/core/chip/src/iPMU_prog/iPMU_dotc/rsi_system_config_917.o
                0x0000059c                hpldo_volt_trim_efuse
 .data.scdc_volt_trim_efuse
                0x000005a8        0xc ./wiseconnect3_sdk_3.3.1/components/device/silabs/si91x/mcu/core/chip/src/iPMU_prog/iPMU_dotc/rsi_system_config_917.o
                0x000005a8                scdc_volt_trim_efuse
 .data.dpwm_freq_trim_efuse
                0x000005b4        0xc ./wiseconnect3_sdk_3.3.1/components/device/silabs/si91x/mcu/core/chip/src/iPMU_prog/iPMU_dotc/rsi_system_config_917.o
                0x000005b4                dpwm_freq_trim_efuse
 .data.ldosoc_trim_efuse
                0x000005c0        0xc ./wiseconnect3_sdk_3.3.1/components/device/silabs/si91x/mcu/core/chip/src/iPMU_prog/iPMU_dotc/rsi_system_config_917.o
                0x000005c0                ldosoc_trim_efuse
 .data.buck_trim_efuse
                0x000005cc        0xc ./wiseconnect3_sdk_3.3.1/components/device/silabs/si91x/mcu/core/chip/src/iPMU_prog/iPMU_dotc/rsi_system_config_917.o
                0x000005cc                buck_trim_efuse
 .data.auxadc_gain_se_efuse
                0x000005d8        0xc ./wiseconnect3_sdk_3.3.1/components/device/silabs/si91x/mcu/core/chip/src/iPMU_prog/iPMU_dotc/rsi_system_config_917.o
                0x000005d8                auxadc_gain_se_efuse
 .data.auxadc_off_se_efuse
                0x000005e4        0xc ./wiseconnect3_sdk_3.3.1/components/device/silabs/si91x/mcu/core/chip/src/iPMU_prog/iPMU_dotc/rsi_system_config_917.o
                0x000005e4                auxadc_off_se_efuse
 .data.auxadc_gain_diff_efuse
                0x000005f0        0xc ./wiseconnect3_sdk_3.3.1/components/device/silabs/si91x/mcu/core/chip/src/iPMU_prog/iPMU_dotc/rsi_system_config_917.o
                0x000005f0                auxadc_gain_diff_efuse
 .data.auxadc_off_diff_efuse
                0x000005fc        0xc ./wiseconnect3_sdk_3.3.1/components/device/silabs/si91x/mcu/core/chip/src/iPMU_prog/iPMU_dotc/rsi_system_config_917.o
                0x000005fc                auxadc_off_diff_efuse
 .data.delvbe_tsbjt_efuse
                0x00000608        0xc ./wiseconnect3_sdk_3.3.1/components/device/silabs/si91x/mcu/core/chip/src/iPMU_prog/iPMU_dotc/rsi_system_config_917.o
                0x00000608                delvbe_tsbjt_efuse
 .data.vbg_tsbjt_efuse
                0x00000614        0xc ./wiseconnect3_sdk_3.3.1/components/device/silabs/si91x/mcu/core/chip/src/iPMU_prog/iPMU_dotc/rsi_system_config_917.o
                0x00000614                vbg_tsbjt_efuse
 .data.ro_ts_efuse
                0x00000620        0xc ./wiseconnect3_sdk_3.3.1/components/device/silabs/si91x/mcu/core/chip/src/iPMU_prog/iPMU_dotc/rsi_system_config_917.o
                0x00000620                ro_ts_efuse
 .data.vbatt_status_trim_efuse
                0x0000062c        0xc ./wiseconnect3_sdk_3.3.1/components/device/silabs/si91x/mcu/core/chip/src/iPMU_prog/iPMU_dotc/rsi_system_config_917.o
                0x0000062c                vbatt_status_trim_efuse
 .data.m20ro_osc_trim_efuse
                0x00000638        0xc ./wiseconnect3_sdk_3.3.1/components/device/silabs/si91x/mcu/core/chip/src/iPMU_prog/iPMU_dotc/rsi_system_config_917.o
                0x00000638                m20ro_osc_trim_efuse
 .data.xtal2_bias_efuse
                0x00000644        0xc ./wiseconnect3_sdk_3.3.1/components/device/silabs/si91x/mcu/core/chip/src/iPMU_prog/iPMU_dotc/rsi_system_config_917.o
                0x00000644                xtal2_bias_efuse
 .data.xtal1_bias_efuse
                0x00000650        0xc ./wiseconnect3_sdk_3.3.1/components/device/silabs/si91x/mcu/core/chip/src/iPMU_prog/iPMU_dotc/rsi_system_config_917.o
                0x00000650                xtal1_bias_efuse
 .data.rc_32khz_trim_efuse
                0x0000065c       0x1c ./wiseconnect3_sdk_3.3.1/components/device/silabs/si91x/mcu/core/chip/src/iPMU_prog/iPMU_dotc/rsi_system_config_917.o
                0x0000065c                rc_32khz_trim_efuse
 .data.rc_64khz_trim_efuse
                0x00000678       0x1c ./wiseconnect3_sdk_3.3.1/components/device/silabs/si91x/mcu/core/chip/src/iPMU_prog/iPMU_dotc/rsi_system_config_917.o
                0x00000678                rc_64khz_trim_efuse
 .data.rc_16khz_trim_efuse
                0x00000694       0x1c ./wiseconnect3_sdk_3.3.1/components/device/silabs/si91x/mcu/core/chip/src/iPMU_prog/iPMU_dotc/rsi_system_config_917.o
                0x00000694                rc_16khz_trim_efuse
 .data.ro_32khz_trim00_efuse
                0x000006b0        0xc ./wiseconnect3_sdk_3.3.1/components/device/silabs/si91x/mcu/core/chip/src/iPMU_prog/iPMU_dotc/rsi_system_config_917.o
                0x000006b0                ro_32khz_trim00_efuse
 .data.ro_32khz_trim_efuse
                0x000006bc        0xc ./wiseconnect3_sdk_3.3.1/components/device/silabs/si91x/mcu/core/chip/src/iPMU_prog/iPMU_dotc/rsi_system_config_917.o
                0x000006bc                ro_32khz_trim_efuse
 .data.dblr_32m_trim_efuse
                0x000006c8        0xc ./wiseconnect3_sdk_3.3.1/components/device/silabs/si91x/mcu/core/chip/src/iPMU_prog/iPMU_dotc/rsi_system_config_917.o
                0x000006c8                dblr_32m_trim_efuse
 .data.m20rc_osc_trim_efuse
                0x000006d4        0xc ./wiseconnect3_sdk_3.3.1/components/device/silabs/si91x/mcu/core/chip/src/iPMU_prog/iPMU_dotc/rsi_system_config_917.o
                0x000006d4                m20rc_osc_trim_efuse
 .data.m32rc_osc_trim_efuse
                0x000006e0        0xc ./wiseconnect3_sdk_3.3.1/components/device/silabs/si91x/mcu/core/chip/src/iPMU_prog/iPMU_dotc/rsi_system_config_917.o
                0x000006e0                m32rc_osc_trim_efuse
 .data.blackout_trim_efuse
                0x000006ec        0xc ./wiseconnect3_sdk_3.3.1/components/device/silabs/si91x/mcu/core/chip/src/iPMU_prog/iPMU_dotc/rsi_system_config_917.o
                0x000006ec                blackout_trim_efuse
 .data.bg_trim_efuse
                0x000006f8       0x14 ./wiseconnect3_sdk_3.3.1/components/device/silabs/si91x/mcu/core/chip/src/iPMU_prog/iPMU_dotc/rsi_system_config_917.o
                0x000006f8                bg_trim_efuse
 .data.poc_bias_efuse
                0x0000070c        0xc ./wiseconnect3_sdk_3.3.1/components/device/silabs/si91x/mcu/core/chip/src/iPMU_prog/iPMU_dotc/rsi_system_config_917.o
                0x0000070c                poc_bias_efuse
 .data.ro_tempsense_config
                0x00000718        0xc ./wiseconnect3_sdk_3.3.1/components/device/silabs/si91x/mcu/core/chip/src/iPMU_prog/iPMU_dotc/rsi_system_config_917.o
                0x00000718                ro_tempsense_config
 .data.ipmu_bod_clks_common_config2
                0x00000724        0xc ./wiseconnect3_sdk_3.3.1/components/device/silabs/si91x/mcu/core/chip/src/iPMU_prog/iPMU_dotc/rsi_system_config_917.o
                0x00000724                ipmu_bod_clks_common_config2
 .data.ana_perif_ptat_common_config2
                0x00000730        0xc ./wiseconnect3_sdk_3.3.1/components/device/silabs/si91x/mcu/core/chip/src/iPMU_prog/iPMU_dotc/rsi_system_config_917.o
                0x00000730                ana_perif_ptat_common_config2
 .data.poc_bias_current_11
                0x0000073c        0xc ./wiseconnect3_sdk_3.3.1/components/device/silabs/si91x/mcu/core/chip/src/iPMU_prog/iPMU_dotc/rsi_system_config_917.o
                0x0000073c                poc_bias_current_11
 .data.poc_bias_current
                0x00000748        0xc ./wiseconnect3_sdk_3.3.1/components/device/silabs/si91x/mcu/core/chip/src/iPMU_prog/iPMU_dotc/rsi_system_config_917.o
                0x00000748                poc_bias_current
 .data.retn_ldo_hpmode
                0x00000754       0x14 ./wiseconnect3_sdk_3.3.1/components/device/silabs/si91x/mcu/core/chip/src/iPMU_prog/iPMU_dotc/rsi_system_config_917.o
                0x00000754                retn_ldo_hpmode
 .data.retn_ldo_lpmode
                0x00000768       0x14 ./wiseconnect3_sdk_3.3.1/components/device/silabs/si91x/mcu/core/chip/src/iPMU_prog/iPMU_dotc/rsi_system_config_917.o
                0x00000768                retn_ldo_lpmode
 .data.retn_ldo_0p75
                0x0000077c        0xc ./wiseconnect3_sdk_3.3.1/components/device/silabs/si91x/mcu/core/chip/src/iPMU_prog/iPMU_dotc/rsi_system_config_917.o
                0x0000077c                retn_ldo_0p75
 .data.retn_ldo_voltsel
                0x00000788        0xc ./wiseconnect3_sdk_3.3.1/components/device/silabs/si91x/mcu/core/chip/src/iPMU_prog/iPMU_dotc/rsi_system_config_917.o
                0x00000788                retn_ldo_voltsel
 .data.hpldo_tran
                0x00000794        0xc ./wiseconnect3_sdk_3.3.1/components/device/silabs/si91x/mcu/core/chip/src/iPMU_prog/iPMU_dotc/rsi_system_config_917.o
                0x00000794                hpldo_tran
 .data.lp_scdc_extcapmode
                0x000007a0       0x2c ./wiseconnect3_sdk_3.3.1/components/device/silabs/si91x/mcu/core/chip/src/iPMU_prog/iPMU_dotc/rsi_system_config_917.o
                0x000007a0                lp_scdc_extcapmode
 .data.scdc_volt_sel2
                0x000007cc       0x14 ./wiseconnect3_sdk_3.3.1/components/device/silabs/si91x/mcu/core/chip/src/iPMU_prog/iPMU_dotc/rsi_system_config_917.o
                0x000007cc                scdc_volt_sel2
 .data.scdc_volt_sel1
                0x000007e0       0x14 ./wiseconnect3_sdk_3.3.1/components/device/silabs/si91x/mcu/core/chip/src/iPMU_prog/iPMU_dotc/rsi_system_config_917.o
                0x000007e0                scdc_volt_sel1
 .data.ipmu_scdc_enable
                0x000007f4       0x14 ./wiseconnect3_sdk_3.3.1/components/device/silabs/si91x/mcu/core/chip/src/iPMU_prog/iPMU_dotc/rsi_system_config_917.o
                0x000007f4                ipmu_scdc_enable
 .data.LDOFLASH_BYPASS
                0x00000808        0xc ./wiseconnect3_sdk_3.3.1/components/device/silabs/si91x/mcu/core/chip/src/iPMU_prog/iPMU_dotc/rsi_system_config_917.o
                0x00000808                LDOFLASH_BYPASS
 .data.buck_fast_transient_duty_1p8
                0x00000814       0x1c ./wiseconnect3_sdk_3.3.1/components/device/silabs/si91x/mcu/core/chip/src/iPMU_prog/iPMU_dotc/rsi_system_config_917.o
                0x00000814                buck_fast_transient_duty_1p8
 .data.pmu_common_config
                0x00000830       0x9c ./wiseconnect3_sdk_3.3.1/components/device/silabs/si91x/mcu/core/chip/src/iPMU_prog/iPMU_dotc/rsi_system_config_917.o
                0x00000830                pmu_common_config
 .data.ipmu_common_config
                0x000008cc       0x4c ./wiseconnect3_sdk_3.3.1/components/device/silabs/si91x/mcu/core/chip/src/iPMU_prog/iPMU_dotc/rsi_system_config_917.o
                0x000008cc                ipmu_common_config
 .data.SystemCoreClock
                0x00000918        0x4 ./wiseconnect3_sdk_3.3.1/components/device/silabs/si91x/mcu/core/chip/src/system_si91x.o
                0x00000918                SystemCoreClock
 .data.UDMA1_Resources
                0x0000091c        0xc ./wiseconnect3_sdk_3.3.1/components/device/silabs/si91x/mcu/drivers/cmsis_driver/UDMA.o
                0x0000091c                UDMA1_Resources
 .data.UDMA0_Resources
                0x00000928        0xc ./wiseconnect3_sdk_3.3.1/components/device/silabs/si91x/mcu/drivers/cmsis_driver/UDMA.o
                0x00000928                UDMA0_Resources
 .data.ULP_UART_Resources
                0x00000934       0x44 ./wiseconnect3_sdk_3.3.1/components/device/silabs/si91x/mcu/drivers/cmsis_driver/USART.o
 .data.UART1_Resources
                0x00000978       0x44 ./wiseconnect3_sdk_3.3.1/components/device/silabs/si91x/mcu/drivers/cmsis_driver/USART.o
 .data.USART0_Resources
                0x000009bc       0x44 ./wiseconnect3_sdk_3.3.1/components/device/silabs/si91x/mcu/drivers/cmsis_driver/USART.o
 .data.buttonState
                0x00000a00        0x2 ./wiseconnect3_sdk_3.3.1/components/device/silabs/si91x/mcu/drivers/hardware_drivers/button/src/sl_si91x_button.o
 .data.gpio_port_pin
                0x00000a02        0x2 ./wiseconnect3_sdk_3.3.1/components/device/silabs/si91x/mcu/drivers/hardware_drivers/button/src/sl_si91x_button.o
                0x00000a02                gpio_port_pin
 .data.current_state
                0x00000a04        0x1 ./wiseconnect3_sdk_3.3.1/components/device/silabs/si91x/mcu/drivers/service/power_manager/src/sl_si91x_power_manager.o
 .data.cc_disabled
                0x00000a05        0x1 ./wiseconnect3_sdk_3.3.1/components/device/silabs/si91x/mcu/drivers/service/sleeptimer/src/sl_sleeptimer_hal_si91x_sysrtc.o
 .data.is_card_ready_required
                0x00000a06        0x1 ./wiseconnect3_sdk_3.3.1/components/device/silabs/si91x/wireless/src/sl_rsi_utility.o
 .data.is_bootup_firmware_required.6
                0x00000a07        0x1 ./wiseconnect3_sdk_3.3.1/components/device/silabs/si91x/wireless/src/sl_si91x_driver.o
 .data.initialized_opermode
                0x00000a08        0x2 ./wiseconnect3_sdk_3.3.1/components/device/silabs/si91x/wireless/src/sl_si91x_driver.o
 .data.timeout_glbl
                0x00000a0a        0x8 ./wiseconnect3_sdk_3.3.1/components/device/silabs/si91x/wireless/src/sl_si91x_driver.o
 *fill*         0x00000a12        0x2 
 .data.__sglue  0x00000a14        0xc c:/siliconlabs/simplicitystudio/v5/developer/toolchains/gnu_arm/12.2.rel1_2023.7/bin/../lib/gcc/arm-none-eabi/12.2.1/thumb/v7e-m+fp/softfp\libc_nano.a(libc_a-findfp.o)
                0x00000a14                __sglue
 .data._impure_ptr
                0x00000a20        0x4 c:/siliconlabs/simplicitystudio/v5/developer/toolchains/gnu_arm/12.2.rel1_2023.7/bin/../lib/gcc/arm-none-eabi/12.2.1/thumb/v7e-m+fp/softfp\libc_nano.a(libc_a-impure.o)
                0x00000a20                _impure_ptr
 .data._impure_data
                0x00000a24       0x4c c:/siliconlabs/simplicitystudio/v5/developer/toolchains/gnu_arm/12.2.rel1_2023.7/bin/../lib/gcc/arm-none-eabi/12.2.1/thumb/v7e-m+fp/softfp\libc_nano.a(libc_a-impure.o)
                0x00000a24                _impure_data
 .data.__global_locale
                0x00000a70      0x16c c:/siliconlabs/simplicitystudio/v5/developer/toolchains/gnu_arm/12.2.rel1_2023.7/bin/../lib/gcc/arm-none-eabi/12.2.1/thumb/v7e-m+fp/softfp\libc_nano.a(libc_a-locale.o)
                0x00000a70                __global_locale
 *(.rodata*)
 .rodata.transition_callback.str1.1
                0x00000bdc       0xb4 ./power_manager_m4_wireless_example.o
 .rodata.wireless_sleep.str1.1
                0x00000c90       0x3c ./power_manager_m4_wireless_example.o
 .rodata.application_start.str1.1
                0x00000ccc      0x273 ./power_manager_m4_wireless_example.o
 .rodata.str1.1
                0x00000f3f        0x4 ./power_manager_m4_wireless_example.o
 *fill*         0x00000f43        0x1 
 .rodata.thread_attributes
                0x00000f44       0x24 ./power_manager_m4_wireless_example.o
                0x00000f44                thread_attributes
 .rodata        0x00000f68        0x8 ./power_manager_m4_wireless_example.o
 .rodata.gpio_driver_ulp_initialization.str1.1
                0x00000f70      0x2b2 ./ulp_intr.o
 .rodata.gpio_ulp_pin_interrupt_callback.str1.1
                0x00001222       0x18 ./ulp_intr.o
 .rodata.ulp_interrupt_setup.str1.1
                0x0000123a      0x138 ./ulp_intr.o
 .rodata        0x00001372        0x6 ./ulp_intr.o
 .rodata.button_btn0
                0x00001378        0x5 ./autogen/sl_si91x_button_instances.o
                0x00001378                button_btn0
 .rodata.vTaskStartScheduler.str1.1
                0x0000137d        0x5 ./simplicity_sdk_2024.6.1/util/third_party/freertos/kernel/tasks.o
 .rodata.prvCheckForValidListAndQueue.str1.1
                0x00001382        0x5 ./simplicity_sdk_2024.6.1/util/third_party/freertos/kernel/timers.o
 .rodata.xTimerCreateTimerTask.str1.1
                0x00001387        0x8 ./simplicity_sdk_2024.6.1/util/third_party/freertos/kernel/timers.o
 *fill*         0x0000138f        0x1 
 .rodata.Driver_ULP_UART
                0x00001390       0x38 ./wiseconnect3_sdk_3.3.1/components/device/silabs/si91x/mcu/drivers/cmsis_driver/USART.o
                0x00001390                Driver_ULP_UART
 .rodata.ulp_uart_rts
                0x000013c8        0x4 ./wiseconnect3_sdk_3.3.1/components/device/silabs/si91x/mcu/drivers/cmsis_driver/USART.o
 .rodata.ulp_uart_cts
                0x000013cc        0x4 ./wiseconnect3_sdk_3.3.1/components/device/silabs/si91x/mcu/drivers/cmsis_driver/USART.o
 .rodata.ulp_uart_rx
                0x000013d0        0x4 ./wiseconnect3_sdk_3.3.1/components/device/silabs/si91x/mcu/drivers/cmsis_driver/USART.o
 .rodata.ulp_uart_tx
                0x000013d4        0x4 ./wiseconnect3_sdk_3.3.1/components/device/silabs/si91x/mcu/drivers/cmsis_driver/USART.o
 .rodata.uart1_rts
                0x000013d8        0x4 ./wiseconnect3_sdk_3.3.1/components/device/silabs/si91x/mcu/drivers/cmsis_driver/USART.o
 .rodata.uart1_cts
                0x000013dc        0x4 ./wiseconnect3_sdk_3.3.1/components/device/silabs/si91x/mcu/drivers/cmsis_driver/USART.o
 .rodata.uart1_rx
                0x000013e0        0x4 ./wiseconnect3_sdk_3.3.1/components/device/silabs/si91x/mcu/drivers/cmsis_driver/USART.o
 .rodata.uart1_tx
                0x000013e4        0x4 ./wiseconnect3_sdk_3.3.1/components/device/silabs/si91x/mcu/drivers/cmsis_driver/USART.o
 .rodata.usart0_ir_rx
                0x000013e8        0x4 ./wiseconnect3_sdk_3.3.1/components/device/silabs/si91x/mcu/drivers/cmsis_driver/USART.o
 .rodata.usart0_ir_tx
                0x000013ec        0x4 ./wiseconnect3_sdk_3.3.1/components/device/silabs/si91x/mcu/drivers/cmsis_driver/USART.o
 .rodata.usart0_rts
                0x000013f0        0x4 ./wiseconnect3_sdk_3.3.1/components/device/silabs/si91x/mcu/drivers/cmsis_driver/USART.o
 .rodata.usart0_cts
                0x000013f4        0x4 ./wiseconnect3_sdk_3.3.1/components/device/silabs/si91x/mcu/drivers/cmsis_driver/USART.o
 .rodata.usart0_rx
                0x000013f8        0x4 ./wiseconnect3_sdk_3.3.1/components/device/silabs/si91x/mcu/drivers/cmsis_driver/USART.o
 .rodata.usart0_tx
                0x000013fc        0x4 ./wiseconnect3_sdk_3.3.1/components/device/silabs/si91x/mcu/drivers/cmsis_driver/USART.o
 .rodata.usart0_clock
                0x00001400        0x4 ./wiseconnect3_sdk_3.3.1/components/device/silabs/si91x/mcu/drivers/cmsis_driver/USART.o
 .rodata.UsartDriverVersion
                0x00001404        0x4 ./wiseconnect3_sdk_3.3.1/components/device/silabs/si91x/mcu/drivers/cmsis_driver/USART.o
 .rodata.sl_si91x_button_init.str1.1
                0x00001408       0x9f ./wiseconnect3_sdk_3.3.1/components/device/silabs/si91x/mcu/drivers/hardware_drivers/button/src/sl_si91x_button.o
 .rodata.CSWTCH.28
                0x000014a7        0x3 ./wiseconnect3_sdk_3.3.1/components/device/silabs/si91x/mcu/drivers/service/power_manager/src/sl_si91x_power_manager.o
 *fill*         0x000014aa        0x2 
 .rodata.ps_transition
                0x000014ac       0xb4 ./wiseconnect3_sdk_3.3.1/components/device/silabs/si91x/mcu/drivers/service/power_manager/src/sli_si91x_power_manager.o
 .rodata.intr_config
                0x00001560       0x10 ./wiseconnect3_sdk_3.3.1/components/device/silabs/si91x/mcu/drivers/unified_api/src/sl_si91x_driver_gpio.o
                0x00001560                intr_config
 .rodata.sl_assert_failed.str1.1
                0x00001570       0x26 ./wiseconnect3_sdk_3.3.1/components/device/silabs/si91x/mcu/drivers/unified_peripheral_drivers/src/sl_si91x_peripheral_gpio.o
 .rodata.sl_gpio_configure_interrupt.str1.1
                0x00001596       0xb3 ./wiseconnect3_sdk_3.3.1/components/device/silabs/si91x/mcu/drivers/unified_peripheral_drivers/src/sl_si91x_peripheral_gpio.o
 .rodata.sl_gpio_set_pin_output.str1.1
                0x00001649       0xb3 ./wiseconnect3_sdk_3.3.1/components/device/silabs/si91x/mcu/drivers/unified_peripheral_drivers/src/sl_si91x_peripheral_gpio.o
 .rodata.sli_m4_interrupt_isr.str1.1
                0x000016fc       0xc0 ./wiseconnect3_sdk_3.3.1/components/device/silabs/si91x/wireless/ahb_interface/src/rsi_hal_mcu_m4_rom.o
 .rodata.__func__.0
                0x000017bc       0x15 ./wiseconnect3_sdk_3.3.1/components/device/silabs/si91x/wireless/ahb_interface/src/rsi_hal_mcu_m4_rom.o
 .rodata.CSWTCH.5
                0x000017d1       0x1d ./wiseconnect3_sdk_3.3.1/components/device/silabs/si91x/wireless/ahb_interface/src/sl_platform.o
 .rodata.sli_si91x_submit_rx_pkt.str1.1
                0x000017ee       0xc9 ./wiseconnect3_sdk_3.3.1/components/device/silabs/si91x/wireless/ahb_interface/src/sl_si91x_bus.o
 .rodata.sli_si91x_config_m4_dma_desc_on_reset.str1.1
                0x000018b7       0x25 ./wiseconnect3_sdk_3.3.1/components/device/silabs/si91x/wireless/ahb_interface/src/sl_si91x_bus.o
 .rodata.__func__.0
                0x000018dc       0x26 ./wiseconnect3_sdk_3.3.1/components/device/silabs/si91x/wireless/ahb_interface/src/sl_si91x_bus.o
 .rodata.__func__.1
                0x00001902       0x18 ./wiseconnect3_sdk_3.3.1/components/device/silabs/si91x/wireless/ahb_interface/src/sl_si91x_bus.o
 .rodata.sl_net_si91x_event_dispatch_handler.str1.1
                0x0000191a       0xc9 ./wiseconnect3_sdk_3.3.1/components/device/silabs/si91x/wireless/sl_net/src/sl_net_si91x_integration_handler.o
 .rodata.__func__.0
                0x000019e3       0x24 ./wiseconnect3_sdk_3.3.1/components/device/silabs/si91x/wireless/sl_net/src/sl_net_si91x_integration_handler.o
 .rodata.sl_si91x_platform_init.str1.1
                0x00001a07       0x16 ./wiseconnect3_sdk_3.3.1/components/device/silabs/si91x/wireless/src/sl_rsi_utility.o
 .rodata.sl_si91x_driver_wait_for_response_packet.str1.1
                0x00001a1d       0xcb ./wiseconnect3_sdk_3.3.1/components/device/silabs/si91x/wireless/src/sl_si91x_driver.o
 .rodata.sl_si91x_set_device_region.str1.1
                0x00001ae8       0x14 ./wiseconnect3_sdk_3.3.1/components/device/silabs/si91x/wireless/src/sl_si91x_driver.o
 .rodata.__func__.5
                0x00001afc       0x29 ./wiseconnect3_sdk_3.3.1/components/device/silabs/si91x/wireless/src/sl_si91x_driver.o
 *fill*         0x00001b25        0x3 
 .rodata.response_event_map
                0x00001b28       0x18 ./wiseconnect3_sdk_3.3.1/components/device/silabs/si91x/wireless/src/sl_si91x_driver.o
 .rodata.firmware_queue_id
                0x00001b40        0x6 ./wiseconnect3_sdk_3.3.1/components/device/silabs/si91x/wireless/src/sl_si91x_driver.o
 *fill*         0x00001b46        0x2 
 .rodata.default_buffer_configuration
                0x00001b48        0xc ./wiseconnect3_sdk_3.3.1/components/device/silabs/si91x/wireless/src/sl_si91x_driver.o
                0x00001b48                default_buffer_configuration
 .rodata        0x00001b54       0x10 ./wiseconnect3_sdk_3.3.1/components/device/silabs/si91x/wireless/src/sl_si91x_driver.o
 .rodata.sl_create_generic_rx_packet_from_params.str1.1
                0x00001b64       0x9a ./wiseconnect3_sdk_3.3.1/components/device/silabs/si91x/wireless/threading/sli_si91x_multithreaded.o
                                 0xcc (size before relaxing)
 .rodata.si91x_bus_thread.str1.1
                0x00001bfe       0xcd ./wiseconnect3_sdk_3.3.1/components/device/silabs/si91x/wireless/threading/sli_si91x_multithreaded.o
 .rodata.__func__.0
                0x00001ccb       0x15 ./wiseconnect3_sdk_3.3.1/components/device/silabs/si91x/wireless/threading/sli_si91x_multithreaded.o
 .rodata.__func__.1
                0x00001ce0       0x10 ./wiseconnect3_sdk_3.3.1/components/device/silabs/si91x/wireless/threading/sli_si91x_multithreaded.o
 .rodata.__func__.2
                0x00001cf0       0x11 ./wiseconnect3_sdk_3.3.1/components/device/silabs/si91x/wireless/threading/sli_si91x_multithreaded.o
 .rodata.__func__.3
                0x00001d01       0x28 ./wiseconnect3_sdk_3.3.1/components/device/silabs/si91x/wireless/threading/sli_si91x_multithreaded.o
 .rodata.__assert_func.str1.1
                0x00001d29       0x3c c:/siliconlabs/simplicitystudio/v5/developer/toolchains/gnu_arm/12.2.rel1_2023.7/bin/../lib/gcc/arm-none-eabi/12.2.1/thumb/v7e-m+fp/softfp\libc_nano.a(libc_a-assert.o)
                                 0x3d (size before relaxing)
 .rodata._ctype_
                0x00001d65      0x101 c:/siliconlabs/simplicitystudio/v5/developer/toolchains/gnu_arm/12.2.rel1_2023.7/bin/../lib/gcc/arm-none-eabi/12.2.1/thumb/v7e-m+fp/softfp\libc_nano.a(libc_a-ctype_.o)
                0x00001d65                _ctype_
 .rodata._printf_float.str1.1
                0x00001e66       0x10 c:/siliconlabs/simplicitystudio/v5/developer/toolchains/gnu_arm/12.2.rel1_2023.7/bin/../lib/gcc/arm-none-eabi/12.2.1/thumb/v7e-m+fp/softfp\libc_nano.a(libc_a-nano-vfprintf_float.o)
                                 0x12 (size before relaxing)
 .rodata._printf_i.str1.1
                0x00001e76       0x22 c:/siliconlabs/simplicitystudio/v5/developer/toolchains/gnu_arm/12.2.rel1_2023.7/bin/../lib/gcc/arm-none-eabi/12.2.1/thumb/v7e-m+fp/softfp\libc_nano.a(libc_a-nano-vfprintf_i.o)
 .rodata._dtoa_r.str1.1
                0x00001e98       0x8e c:/siliconlabs/simplicitystudio/v5/developer/toolchains/gnu_arm/12.2.rel1_2023.7/bin/../lib/gcc/arm-none-eabi/12.2.1/thumb/v7e-m+fp/softfp\libc_nano.a(libc_a-dtoa.o)
                                 0x90 (size before relaxing)
 .rodata._Balloc.str1.1
                0x00001f26       0x5a c:/siliconlabs/simplicitystudio/v5/developer/toolchains/gnu_arm/12.2.rel1_2023.7/bin/../lib/gcc/arm-none-eabi/12.2.1/thumb/v7e-m+fp/softfp\libc_nano.a(libc_a-mprec.o)
                                 0x71 (size before relaxing)
 .rodata.__multadd.str1.1
                0x00001f80       0x11 c:/siliconlabs/simplicitystudio/v5/developer/toolchains/gnu_arm/12.2.rel1_2023.7/bin/../lib/gcc/arm-none-eabi/12.2.1/thumb/v7e-m+fp/softfp\libc_nano.a(libc_a-mprec.o)
 .rodata.p05.0  0x00001f80        0xc c:/siliconlabs/simplicitystudio/v5/developer/toolchains/gnu_arm/12.2.rel1_2023.7/bin/../lib/gcc/arm-none-eabi/12.2.1/thumb/v7e-m+fp/softfp\libc_nano.a(libc_a-mprec.o)
 *fill*         0x00001f8c        0x4 
 .rodata.__mprec_bigtens
                0x00001f90       0x28 c:/siliconlabs/simplicitystudio/v5/developer/toolchains/gnu_arm/12.2.rel1_2023.7/bin/../lib/gcc/arm-none-eabi/12.2.1/thumb/v7e-m+fp/softfp\libc_nano.a(libc_a-mprec.o)
                0x00001f90                __mprec_bigtens
 .rodata.__mprec_tens
                0x00001fb8       0xc8 c:/siliconlabs/simplicitystudio/v5/developer/toolchains/gnu_arm/12.2.rel1_2023.7/bin/../lib/gcc/arm-none-eabi/12.2.1/thumb/v7e-m+fp/softfp\libc_nano.a(libc_a-mprec.o)
                0x00001fb8                __mprec_tens
 .rodata._vfprintf_r.str1.1
                0x00002080       0x11 c:/siliconlabs/simplicitystudio/v5/developer/toolchains/gnu_arm/12.2.rel1_2023.7/bin/../lib/gcc/arm-none-eabi/12.2.1/thumb/v7e-m+fp/softfp\libc_nano.a(libc_a-nano-vfprintf.o)
 .rodata._setlocale_r.str1.1
                0x00002091        0x8 c:/siliconlabs/simplicitystudio/v5/developer/toolchains/gnu_arm/12.2.rel1_2023.7/bin/../lib/gcc/arm-none-eabi/12.2.1/thumb/v7e-m+fp/softfp\libc_nano.a(libc_a-locale.o)
                                  0x9 (size before relaxing)
 .rodata.str1.1
                0x00002099        0x2 c:/siliconlabs/simplicitystudio/v5/developer/toolchains/gnu_arm/12.2.rel1_2023.7/bin/../lib/gcc/arm-none-eabi/12.2.1/thumb/v7e-m+fp/softfp\libc_nano.a(libc_a-locale.o)
 *(.init)
 *fill*         0x0000209b        0x1 
 .init          0x0000209c        0x4 c:/siliconlabs/simplicitystudio/v5/developer/toolchains/gnu_arm/12.2.rel1_2023.7/bin/../lib/gcc/arm-none-eabi/12.2.1/thumb/v7e-m+fp/softfp/crti.o
                0x0000209c                _init
 .init          0x000020a0        0x8 c:/siliconlabs/simplicitystudio/v5/developer/toolchains/gnu_arm/12.2.rel1_2023.7/bin/../lib/gcc/arm-none-eabi/12.2.1/thumb/v7e-m+fp/softfp/crtn.o
 *(.fini)
 .fini          0x000020a8        0x4 c:/siliconlabs/simplicitystudio/v5/developer/toolchains/gnu_arm/12.2.rel1_2023.7/bin/../lib/gcc/arm-none-eabi/12.2.1/thumb/v7e-m+fp/softfp/crti.o
                0x000020a8                _fini
 .fini          0x000020ac        0x8 c:/siliconlabs/simplicitystudio/v5/developer/toolchains/gnu_arm/12.2.rel1_2023.7/bin/../lib/gcc/arm-none-eabi/12.2.1/thumb/v7e-m+fp/softfp/crtn.o
 *cmsis_gcc.o(.text*)
 *cmsis_os2.o(.text*)
 .text.SysTick_Handler
                0x000020b4       0x1a ./simplicity_sdk_2024.6.1/util/third_party/freertos/cmsis/Source/cmsis_os2.o
                0x000020b4                SysTick_Handler
 *fill*         0x000020ce        0x2 
 .text.osKernelInitialize
                0x000020d0       0x34 ./simplicity_sdk_2024.6.1/util/third_party/freertos/cmsis/Source/cmsis_os2.o
                0x000020d0                osKernelInitialize
 .text.osKernelGetState
                0x00002104       0x20 ./simplicity_sdk_2024.6.1/util/third_party/freertos/cmsis/Source/cmsis_os2.o
                0x00002104                osKernelGetState
 .text.osKernelStart
                0x00002124       0x48 ./simplicity_sdk_2024.6.1/util/third_party/freertos/cmsis/Source/cmsis_os2.o
                0x00002124                osKernelStart
 .text.osKernelGetTickCount
                0x0000216c       0x28 ./simplicity_sdk_2024.6.1/util/third_party/freertos/cmsis/Source/cmsis_os2.o
                0x0000216c                osKernelGetTickCount
 .text.osThreadNew
                0x00002194       0xa8 ./simplicity_sdk_2024.6.1/util/third_party/freertos/cmsis/Source/cmsis_os2.o
                0x00002194                osThreadNew
 .text.osDelay  0x0000223c       0x30 ./simplicity_sdk_2024.6.1/util/third_party/freertos/cmsis/Source/cmsis_os2.o
                0x0000223c                osDelay
 .text.osEventFlagsNew
                0x0000226c       0x3c ./simplicity_sdk_2024.6.1/util/third_party/freertos/cmsis/Source/cmsis_os2.o
                0x0000226c                osEventFlagsNew
 .text.osEventFlagsSet
                0x000022a8       0x70 ./simplicity_sdk_2024.6.1/util/third_party/freertos/cmsis/Source/cmsis_os2.o
                0x000022a8                osEventFlagsSet
 .text.osEventFlagsClear
                0x00002318       0x5c ./simplicity_sdk_2024.6.1/util/third_party/freertos/cmsis/Source/cmsis_os2.o
                0x00002318                osEventFlagsClear
 .text.osEventFlagsWait
                0x00002374       0x70 ./simplicity_sdk_2024.6.1/util/third_party/freertos/cmsis/Source/cmsis_os2.o
                0x00002374                osEventFlagsWait
 .text.osMutexNew
                0x000023e4       0x94 ./simplicity_sdk_2024.6.1/util/third_party/freertos/cmsis/Source/cmsis_os2.o
                0x000023e4                osMutexNew
 .text.osMutexAcquire
                0x00002478       0x60 ./simplicity_sdk_2024.6.1/util/third_party/freertos/cmsis/Source/cmsis_os2.o
                0x00002478                osMutexAcquire
 .text.osMutexRelease
                0x000024d8       0x58 ./simplicity_sdk_2024.6.1/util/third_party/freertos/cmsis/Source/cmsis_os2.o
                0x000024d8                osMutexRelease
 .text.vApplicationGetIdleTaskMemory
                0x00002530       0x18 ./simplicity_sdk_2024.6.1/util/third_party/freertos/cmsis/Source/cmsis_os2.o
                0x00002530                vApplicationGetIdleTaskMemory
 .text.vApplicationGetTimerTaskMemory
                0x00002548       0x18 ./simplicity_sdk_2024.6.1/util/third_party/freertos/cmsis/Source/cmsis_os2.o
                0x00002548                vApplicationGetTimerTaskMemory
 *port.o(.text*)
 .text.prvPortStartFirstTask
                0x00002560       0x28 ./simplicity_sdk_2024.6.1/util/third_party/freertos/kernel/portable/GCC/ARM_CM4F/port.o
 .text.vPortEnableVFP
                0x00002588       0x14 ./simplicity_sdk_2024.6.1/util/third_party/freertos/kernel/portable/GCC/ARM_CM4F/port.o
 .text.prvTaskExitError
                0x0000259c       0x40 ./simplicity_sdk_2024.6.1/util/third_party/freertos/kernel/portable/GCC/ARM_CM4F/port.o
 .text.pxPortInitialiseStack
                0x000025dc       0x2c ./simplicity_sdk_2024.6.1/util/third_party/freertos/kernel/portable/GCC/ARM_CM4F/port.o
                0x000025dc                pxPortInitialiseStack
 *fill*         0x00002608        0x8 
 .text.SVC_Handler
                0x00002610       0x24 ./simplicity_sdk_2024.6.1/util/third_party/freertos/kernel/portable/GCC/ARM_CM4F/port.o
                0x00002610                SVC_Handler
 .text.vPortEnterCritical
                0x00002634       0x40 ./simplicity_sdk_2024.6.1/util/third_party/freertos/kernel/portable/GCC/ARM_CM4F/port.o
                0x00002634                vPortEnterCritical
 .text.vPortExitCritical
                0x00002674       0x28 ./simplicity_sdk_2024.6.1/util/third_party/freertos/kernel/portable/GCC/ARM_CM4F/port.o
                0x00002674                vPortExitCritical
 *fill*         0x0000269c        0x4 
 .text.PendSV_Handler
                0x000026a0       0x64 ./simplicity_sdk_2024.6.1/util/third_party/freertos/kernel/portable/GCC/ARM_CM4F/port.o
                0x000026a0                PendSV_Handler
 .text.xPortSysTickHandler
                0x00002704       0x2c ./simplicity_sdk_2024.6.1/util/third_party/freertos/kernel/portable/GCC/ARM_CM4F/port.o
                0x00002704                xPortSysTickHandler
 .text.vPortSetupTimerInterrupt
                0x00002730       0x24 ./simplicity_sdk_2024.6.1/util/third_party/freertos/kernel/portable/GCC/ARM_CM4F/port.o
                0x00002730                vPortSetupTimerInterrupt
 .text.xPortStartScheduler
                0x00002754      0x10c ./simplicity_sdk_2024.6.1/util/third_party/freertos/kernel/portable/GCC/ARM_CM4F/port.o
                0x00002754                xPortStartScheduler
 .text.vPortValidateInterruptPriority
                0x00002860       0x5c ./simplicity_sdk_2024.6.1/util/third_party/freertos/kernel/portable/GCC/ARM_CM4F/port.o
                0x00002860                vPortValidateInterruptPriority
 *queue.o(.text*)
 .text.prvIsQueueEmpty
                0x000028bc       0x16 ./simplicity_sdk_2024.6.1/util/third_party/freertos/kernel/queue.o
 .text.prvCopyDataToQueue
                0x000028d2       0x66 ./simplicity_sdk_2024.6.1/util/third_party/freertos/kernel/queue.o
 .text.prvCopyDataFromQueue
                0x00002938       0x2c ./simplicity_sdk_2024.6.1/util/third_party/freertos/kernel/queue.o
 .text.prvUnlockQueue
                0x00002964       0x70 ./simplicity_sdk_2024.6.1/util/third_party/freertos/kernel/queue.o
 .text.xQueueGenericReset
                0x000029d4       0x7e ./simplicity_sdk_2024.6.1/util/third_party/freertos/kernel/queue.o
                0x000029d4                xQueueGenericReset
 .text.xQueueGenericCreate.part.0
                0x00002a52       0x7a ./simplicity_sdk_2024.6.1/util/third_party/freertos/kernel/queue.o
 .text.xQueueGenericCreateStatic
                0x00002acc       0xa6 ./simplicity_sdk_2024.6.1/util/third_party/freertos/kernel/queue.o
                0x00002acc                xQueueGenericCreateStatic
 .text.xQueueGenericSend
                0x00002b72      0x178 ./simplicity_sdk_2024.6.1/util/third_party/freertos/kernel/queue.o
                0x00002b72                xQueueGenericSend
 .text.xQueueCreateMutexStatic
                0x00002cea       0x2a ./simplicity_sdk_2024.6.1/util/third_party/freertos/kernel/queue.o
                0x00002cea                xQueueCreateMutexStatic
 .text.xQueueGiveMutexRecursive
                0x00002d14       0x3e ./simplicity_sdk_2024.6.1/util/third_party/freertos/kernel/queue.o
                0x00002d14                xQueueGiveMutexRecursive
 .text.xQueueCreateMutex
                0x00002d52       0x24 ./simplicity_sdk_2024.6.1/util/third_party/freertos/kernel/queue.o
                0x00002d52                xQueueCreateMutex
 .text.xQueueGenericSendFromISR
                0x00002d76       0xd0 ./simplicity_sdk_2024.6.1/util/third_party/freertos/kernel/queue.o
                0x00002d76                xQueueGenericSendFromISR
 .text.xQueueReceive
                0x00002e46      0x13e ./simplicity_sdk_2024.6.1/util/third_party/freertos/kernel/queue.o
                0x00002e46                xQueueReceive
 .text.xQueueSemaphoreTake
                0x00002f84      0x17a ./simplicity_sdk_2024.6.1/util/third_party/freertos/kernel/queue.o
                0x00002f84                xQueueSemaphoreTake
 .text.xQueueTakeMutexRecursive
                0x000030fe       0x42 ./simplicity_sdk_2024.6.1/util/third_party/freertos/kernel/queue.o
                0x000030fe                xQueueTakeMutexRecursive
 .text.vQueueAddToRegistry
                0x00003140       0x24 ./simplicity_sdk_2024.6.1/util/third_party/freertos/kernel/queue.o
                0x00003140                vQueueAddToRegistry
 .text.vQueueWaitForMessageRestricted
                0x00003164       0x46 ./simplicity_sdk_2024.6.1/util/third_party/freertos/kernel/queue.o
                0x00003164                vQueueWaitForMessageRestricted
 *sl_rsi_utility.o(.text*)
 *fill*         0x000031aa        0x2 
 .text.save_wifi_current_performance_profile
                0x000031ac       0x34 ./wiseconnect3_sdk_3.3.1/components/device/silabs/si91x/wireless/src/sl_rsi_utility.o
                0x000031ac                save_wifi_current_performance_profile
 .text.get_wifi_current_performance_profile
                0x000031e0       0x2c ./wiseconnect3_sdk_3.3.1/components/device/silabs/si91x/wireless/src/sl_rsi_utility.o
                0x000031e0                get_wifi_current_performance_profile
 .text.get_coex_performance_profile
                0x0000320c      0x108 ./wiseconnect3_sdk_3.3.1/components/device/silabs/si91x/wireless/src/sl_rsi_utility.o
                0x0000320c                get_coex_performance_profile
 .text.reset_coex_current_performance_profile
                0x00003314       0x10 ./wiseconnect3_sdk_3.3.1/components/device/silabs/si91x/wireless/src/sl_rsi_utility.o
                0x00003314                reset_coex_current_performance_profile
 .text.save_tcp_auto_close_choice
                0x00003324        0xc ./wiseconnect3_sdk_3.3.1/components/device/silabs/si91x/wireless/src/sl_rsi_utility.o
                0x00003324                save_tcp_auto_close_choice
 .text.set_card_ready_required
                0x00003330        0xc ./wiseconnect3_sdk_3.3.1/components/device/silabs/si91x/wireless/src/sl_rsi_utility.o
                0x00003330                set_card_ready_required
 .text.get_card_ready_required
                0x0000333c        0xc ./wiseconnect3_sdk_3.3.1/components/device/silabs/si91x/wireless/src/sl_rsi_utility.o
                0x0000333c                get_card_ready_required
 .text.save_coex_mode
                0x00003348        0xc ./wiseconnect3_sdk_3.3.1/components/device/silabs/si91x/wireless/src/sl_rsi_utility.o
                0x00003348                save_coex_mode
 .text.convert_si91x_event_to_sl_wifi_event
                0x00003354      0x198 ./wiseconnect3_sdk_3.3.1/components/device/silabs/si91x/wireless/src/sl_rsi_utility.o
                0x00003354                convert_si91x_event_to_sl_wifi_event
 .text.convert_performance_profile_to_power_save_command
                0x000034ec       0x5c ./wiseconnect3_sdk_3.3.1/components/device/silabs/si91x/wireless/src/sl_rsi_utility.o
                0x000034ec                convert_performance_profile_to_power_save_command
 .text.sl_si91x_send_power_save_request
                0x00003548       0x54 ./wiseconnect3_sdk_3.3.1/components/device/silabs/si91x/wireless/src/sl_rsi_utility.o
                0x00003548                sl_si91x_send_power_save_request
 .text.sl_si91x_platform_init
                0x0000359c       0xec ./wiseconnect3_sdk_3.3.1/components/device/silabs/si91x/wireless/src/sl_rsi_utility.o
                0x0000359c                sl_si91x_platform_init
 .text.sl_si91x_host_elapsed_time
                0x00003688       0x16 ./wiseconnect3_sdk_3.3.1/components/device/silabs/si91x/wireless/src/sl_rsi_utility.o
                0x00003688                sl_si91x_host_elapsed_time
 *fill*         0x0000369e        0x2 
 .text.sl_si91x_host_set_event
                0x000036a0       0x10 ./wiseconnect3_sdk_3.3.1/components/device/silabs/si91x/wireless/src/sl_rsi_utility.o
                0x000036a0                sl_si91x_host_set_event
 .text.sl_si91x_host_set_bus_event
                0x000036b0       0x10 ./wiseconnect3_sdk_3.3.1/components/device/silabs/si91x/wireless/src/sl_rsi_utility.o
                0x000036b0                sl_si91x_host_set_bus_event
 .text.sl_si91x_host_set_async_event
                0x000036c0       0x10 ./wiseconnect3_sdk_3.3.1/components/device/silabs/si91x/wireless/src/sl_rsi_utility.o
                0x000036c0                sl_si91x_host_set_async_event
 .text.sl_si91x_host_add_to_queue
                0x000036d0       0x50 ./wiseconnect3_sdk_3.3.1/components/device/silabs/si91x/wireless/src/sl_rsi_utility.o
                0x000036d0                sl_si91x_host_add_to_queue
 .text.sl_si91x_host_add_to_queue_with_atomic_action
                0x00003720       0x58 ./wiseconnect3_sdk_3.3.1/components/device/silabs/si91x/wireless/src/sl_rsi_utility.o
                0x00003720                sl_si91x_host_add_to_queue_with_atomic_action
 .text.sl_si91x_host_remove_from_queue
                0x00003778       0x58 ./wiseconnect3_sdk_3.3.1/components/device/silabs/si91x/wireless/src/sl_rsi_utility.o
                0x00003778                sl_si91x_host_remove_from_queue
 .text.sl_si91x_host_remove_node_from_queue
                0x000037d0       0x98 ./wiseconnect3_sdk_3.3.1/components/device/silabs/si91x/wireless/src/sl_rsi_utility.o
                0x000037d0                sl_si91x_host_remove_node_from_queue
 .text.sli_si91x_flush_queue_based_on_type
                0x00003868      0x104 ./wiseconnect3_sdk_3.3.1/components/device/silabs/si91x/wireless/src/sl_rsi_utility.o
                0x00003868                sli_si91x_flush_queue_based_on_type
 .text.sl_si91x_host_queue_status
                0x0000396c       0x34 ./wiseconnect3_sdk_3.3.1/components/device/silabs/si91x/wireless/src/sl_rsi_utility.o
                0x0000396c                sl_si91x_host_queue_status
 .text.si91x_host_wait_for_event
                0x000039a0       0x20 ./wiseconnect3_sdk_3.3.1/components/device/silabs/si91x/wireless/src/sl_rsi_utility.o
                0x000039a0                si91x_host_wait_for_event
 .text.si91x_host_wait_for_bus_event
                0x000039c0       0x20 ./wiseconnect3_sdk_3.3.1/components/device/silabs/si91x/wireless/src/sl_rsi_utility.o
                0x000039c0                si91x_host_wait_for_bus_event
 .text.si91x_host_wait_for_async_event
                0x000039e0       0x20 ./wiseconnect3_sdk_3.3.1/components/device/silabs/si91x/wireless/src/sl_rsi_utility.o
                0x000039e0                si91x_host_wait_for_async_event
 .text.si91x_host_clear_events
                0x00003a00       0x18 ./wiseconnect3_sdk_3.3.1/components/device/silabs/si91x/wireless/src/sl_rsi_utility.o
                0x00003a00                si91x_host_clear_events
 .text.sl_si91x_host_power_cycle
                0x00003a18       0x1a ./wiseconnect3_sdk_3.3.1/components/device/silabs/si91x/wireless/src/sl_rsi_utility.o
                0x00003a18                sl_si91x_host_power_cycle
 *fill*         0x00003a32        0x2 
 .text.sli_si91x_update_flash_command_status
                0x00003a34        0xc ./wiseconnect3_sdk_3.3.1/components/device/silabs/si91x/wireless/src/sl_rsi_utility.o
                0x00003a34                sli_si91x_update_flash_command_status
 .text.sl_si91x_is_device_initialized
                0x00003a40        0xc ./wiseconnect3_sdk_3.3.1/components/device/silabs/si91x/wireless/src/sl_rsi_utility.o
                0x00003a40                sl_si91x_is_device_initialized
 *tasks.o(.text*)
 .text.prvAddNewTaskToReadyList
                0x00003a4c      0x100 ./simplicity_sdk_2024.6.1/util/third_party/freertos/kernel/tasks.o
 .text.prvAddCurrentTaskToDelayedList
                0x00003b4c       0x78 ./simplicity_sdk_2024.6.1/util/third_party/freertos/kernel/tasks.o
 .text.prvResetNextTaskUnblockTime
                0x00003bc4       0x24 ./simplicity_sdk_2024.6.1/util/third_party/freertos/kernel/tasks.o
 .text.prvDeleteTCB
                0x00003be8       0x36 ./simplicity_sdk_2024.6.1/util/third_party/freertos/kernel/tasks.o
 *fill*         0x00003c1e        0x2 
 .text.prvIdleTask
                0x00003c20       0x60 ./simplicity_sdk_2024.6.1/util/third_party/freertos/kernel/tasks.o
 .text.prvInitialiseNewTask.constprop.0
                0x00003c80       0xb0 ./simplicity_sdk_2024.6.1/util/third_party/freertos/kernel/tasks.o
 .text.xTaskCreateStatic
                0x00003d30       0x70 ./simplicity_sdk_2024.6.1/util/third_party/freertos/kernel/tasks.o
                0x00003d30                xTaskCreateStatic
 .text.xTaskCreate
                0x00003da0       0x5c ./simplicity_sdk_2024.6.1/util/third_party/freertos/kernel/tasks.o
                0x00003da0                xTaskCreate
 .text.vTaskStartScheduler
                0x00003dfc       0x90 ./simplicity_sdk_2024.6.1/util/third_party/freertos/kernel/tasks.o
                0x00003dfc                vTaskStartScheduler
 .text.vTaskSuspendAll
                0x00003e8c       0x10 ./simplicity_sdk_2024.6.1/util/third_party/freertos/kernel/tasks.o
                0x00003e8c                vTaskSuspendAll
 .text.xTaskGetTickCount
                0x00003e9c        0xc ./simplicity_sdk_2024.6.1/util/third_party/freertos/kernel/tasks.o
                0x00003e9c                xTaskGetTickCount
 .text.xTaskGetTickCountFromISR